Archive member included because of file (symbol)

C:/Users/Natsuki/OneDrive/Documents/Atsumiken/BeautoBalancer/Balancer2_firm_Default/lib\libBalancer2_lib.a(current.o)
                              ./src/control.o (ClearCurrentVariables)
C:/Users/Natsuki/OneDrive/Documents/Atsumiken/BeautoBalancer/Balancer2_firm_Default/lib\libBalancer2_lib.a(enc.o)
                              ./src/control.o (ClearEncVariables)
C:/Users/Natsuki/OneDrive/Documents/Atsumiken/BeautoBalancer/Balancer2_firm_Default/lib\libBalancer2_lib.a(gpio.o)
                              C:/Users/Natsuki/OneDrive/Documents/Atsumiken/BeautoBalancer/Balancer2_firm_Default/lib\libBalancer2_lib.a(enc.o) (GPIOSetDir)
C:/Users/Natsuki/OneDrive/Documents/Atsumiken/BeautoBalancer/Balancer2_firm_Default/lib\libBalancer2_lib.a(gyro.o)
                              ./src/control.o (ClearGyroVariables)
C:/Users/Natsuki/OneDrive/Documents/Atsumiken/BeautoBalancer/Balancer2_firm_Default/lib\libBalancer2_lib.a(i2c.o)
                              C:/Users/Natsuki/OneDrive/Documents/Atsumiken/BeautoBalancer/Balancer2_firm_Default/lib\libBalancer2_lib.a(gyro.o) (I2CMasterBuffer)
C:/Users/Natsuki/OneDrive/Documents/Atsumiken/BeautoBalancer/Balancer2_firm_Default/lib\libBalancer2_lib.a(log.o)
                              ./src/main.o (isLogEnable)
C:/Users/Natsuki/OneDrive/Documents/Atsumiken/BeautoBalancer/Balancer2_firm_Default/lib\libBalancer2_lib.a(system_LPC13xx.o)
                              ./src/cr_startup_lpc13.o (SystemInit)
C:/Users/Natsuki/OneDrive/Documents/Atsumiken/BeautoBalancer/Balancer2_firm_Default/lib\libBalancer2_lib.a(uart.o)
                              ./src/main.o (UARTInit)
C:/Users/Natsuki/OneDrive/Documents/Atsumiken/BeautoBalancer/Balancer2_firm_Default/lib\libBalancer2_lib.a(util.o)
                              C:/Users/Natsuki/OneDrive/Documents/Atsumiken/BeautoBalancer/Balancer2_firm_Default/lib\libBalancer2_lib.a(current.o) (getCnt)
C:/Users/Natsuki/OneDrive/Documents/Atsumiken/BeautoBalancer/Balancer2_firm_Default/lib\libBalancer2_lib.a(vs-bb022.o)
                              C:/Users/Natsuki/OneDrive/Documents/Atsumiken/BeautoBalancer/Balancer2_firm_Default/lib\libBalancer2_lib.a(enc.o) (SystickSyncCnt)
C:/Users/Natsuki/OneDrive/Documents/Atsumiken/BeautoBalancer/Balancer2_firm_Default/lib\libBalancer2_lib.a(adc.o)
                              C:/Users/Natsuki/OneDrive/Documents/Atsumiken/BeautoBalancer/Balancer2_firm_Default/lib\libBalancer2_lib.a(vs-bb022.o) (ADCInit)
C:/Users/Natsuki/OneDrive/Documents/Atsumiken/BeautoBalancer/Balancer2_firm_Default/lib\libBalancer2_lib.a(flash.o)
                              C:/Users/Natsuki/OneDrive/Documents/Atsumiken/BeautoBalancer/Balancer2_firm_Default/lib\libBalancer2_lib.a(log.o) (srcbuf)
C:/Users/Natsuki/OneDrive/Documents/Atsumiken/BeautoBalancer/Balancer2_firm_Default/lib\libBalancer2_lib.a(mot.o)
                              C:/Users/Natsuki/OneDrive/Documents/Atsumiken/BeautoBalancer/Balancer2_firm_Default/lib\libBalancer2_lib.a(flash.o) (Constmemmap)
C:/Users/Natsuki/OneDrive/Documents/Atsumiken/BeautoBalancer/Balancer2_firm_Default/lib\libBalancer2_lib.a(pad.o)
                              C:/Users/Natsuki/OneDrive/Documents/Atsumiken/BeautoBalancer/Balancer2_firm_Default/lib\libBalancer2_lib.a(vs-bb022.o) (PADProc)
C:/Users/Natsuki/OneDrive/Documents/Atsumiken/BeautoBalancer/Balancer2_firm_Default/lib\libBalancer2_lib.a(usb_user.o)
                              C:/Users/Natsuki/OneDrive/Documents/Atsumiken/BeautoBalancer/Balancer2_firm_Default/lib\libBalancer2_lib.a(vs-bb022.o) (USBInit)
C:/Users/Natsuki/OneDrive/Documents/Atsumiken/BeautoBalancer/Balancer2_firm_Default/lib\libBalancer2_lib.a(usb_core.o)
                              C:/Users/Natsuki/OneDrive/Documents/Atsumiken/BeautoBalancer/Balancer2_firm_Default/lib\libBalancer2_lib.a(usb_user.o) (USB_ResetCore)
C:/Users/Natsuki/OneDrive/Documents/Atsumiken/BeautoBalancer/Balancer2_firm_Default/lib\libBalancer2_lib.a(usb_descriptors.o)
                              C:/Users/Natsuki/OneDrive/Documents/Atsumiken/BeautoBalancer/Balancer2_firm_Default/lib\libBalancer2_lib.a(usb_core.o) (USB_StringDescriptor)
C:/Users/Natsuki/OneDrive/Documents/Atsumiken/BeautoBalancer/Balancer2_firm_Default/lib\libBalancer2_lib.a(usb_hardware.o)
                              C:/Users/Natsuki/OneDrive/Documents/Atsumiken/BeautoBalancer/Balancer2_firm_Default/lib\libBalancer2_lib.a(usb_user.o) (USB_Connect)
C:/Users/Natsuki/OneDrive/Documents/Atsumiken/BeautoBalancer/Balancer2_firm_Default/lib\libBalancer2_lib.a(usb_hiduser.o)
                              C:/Users/Natsuki/OneDrive/Documents/Atsumiken/BeautoBalancer/Balancer2_firm_Default/lib\libBalancer2_lib.a(usb_core.o) (HID_GetIdle)
c:/nxp/lpcxpresso_7.5.0_254/lpcxpresso/tools/bin/../lib/gcc/arm-none-eabi/4.8.4/../../../../arm-none-eabi/lib/armv7-m\libcr_c.a(memset.o)
[...]
Memory Configuration

Name             Origin             Length             Attributes
MFlash32         0x00000000         0x00007000         xr
FlashMap         0x00007000         0x00001000         xr
RamLoc8          0x10000000         0x00002000         xrw
*default*        0x00000000         0xffffffff

Linker script and memory map

LOAD ./src/control.o
LOAD ./src/cr_startup_lpc13.o
LOAD ./src/main.o
LOAD C:/Users/Natsuki/OneDrive/Documents/Atsumiken/BeautoBalancer/Balancer2_firm_Default/lib\libBalancer2_lib.a
START GROUP
LOAD c:/nxp/lpcxpresso_7.5.0_254/lpcxpresso/tools/bin/../lib/gcc/arm-none-eabi/4.8.4/../../../../arm-none-eabi/lib/armv7-m\libcr_semihost.a
LOAD c:/nxp/lpcxpresso_7.5.0_254/lpcxpresso/tools/bin/../lib/gcc/arm-none-eabi/4.8.4/../../../../arm-none-eabi/lib/armv7-m\libcr_c.a
LOAD c:/nxp/lpcxpresso_7.5.0_254/lpcxpresso/tools/bin/../lib/gcc/arm-none-eabi/4.8.4/armv7-m\libcr_eabihelpers.a
END GROUP
                0x00007000                __top_MFlash32 = 0x7000
                0x00008000                __top_FlashMap = 0x8000
                0x10002000                __top_RamLoc8 = 0x10002000

.text           0x00000000     0x46ec
 *(.isr_vector)
 .isr_vector    0x00000000      0x124 ./src/cr_startup_lpc13.o
                0x00000000                g_pfnVectors
 *(.text*)
 .text.ClearVariables
                0x00000124       0x24 ./src/control.o
                0x00000124                ClearVariables
 .text.calibrarion
                0x00000148      0x100 ./src/control.o
                0x00000148                calibrarion
 .text.Control  0x00000248      0x350 ./src/control.o
                0x00000248                Control
 .text.VS_C3Control
                0x00000598       0x80 ./src/control.o
                0x00000598                VS_C3Control
 .text.isWhleeOverSpeed
                0x00000618       0xd8 ./src/control.o
                0x00000618                isWhleeOverSpeed
 .text.NMI_Handler
                0x000006f0        0x4 ./src/cr_startup_lpc13.o
                0x000006f0                NMI_Handler
 .text.HardFault_Handler
                0x000006f4        0x4 ./src/cr_startup_lpc13.o
                0x000006f4                HardFault_Handler
 .text.MemManage_Handler
                0x000006f8        0x4 ./src/cr_startup_lpc13.o
                0x000006f8                MemManage_Handler
 .text.BusFault_Handler
                0x000006fc        0x4 ./src/cr_startup_lpc13.o
                0x000006fc                BusFault_Handler
 .text.UsageFault_Handler
                0x00000700        0x4 ./src/cr_startup_lpc13.o
                0x00000700                UsageFault_Handler
 .text.SVCall_Handler
                0x00000704        0x4 ./src/cr_startup_lpc13.o
                0x00000704                SVCall_Handler
 .text.DebugMon_Handler
                0x00000708        0x4 ./src/cr_startup_lpc13.o
                0x00000708                DebugMon_Handler
 .text.PendSV_Handler
                0x0000070c        0x4 ./src/cr_startup_lpc13.o
                0x0000070c                PendSV_Handler
 .text.IntDefaultHandler
                0x00000710        0x4 ./src/cr_startup_lpc13.o
                0x00000710                TIMER16_0_IRQHandler
                0x00000710                TIMER32_1_IRQHandler
                0x00000710                PIOINT1_IRQHandler
                0x00000710                SSP_IRQHandler
                0x00000710                TIMER16_1_IRQHandler
                0x00000710                USB_FIQHandler
                0x00000710                PIOINT2_IRQHandler
                0x00000710                BOD_IRQHandler
                0x00000710                WAKEUP_IRQHandler
                0x00000710                PIOINT0_IRQHandler
                0x00000710                WDT_IRQHandler
                0x00000710                PIOINT3_IRQHandler
                0x00000710                FMC_IRQHandler
 .text.Reset_Handler
                0x00000714       0x6c ./src/cr_startup_lpc13.o
                0x00000714                ResetISR
                0x00000714                Reset_Handler
 .text.LedBlink
                0x00000780       0x4c ./src/main.o
                0x00000780                LedBlink
 .text.main     0x000007cc      0x11c ./src/main.o
                0x000007cc                main
 .text.ClearCurrentVariables
                0x000008e8       0x64 C:/Users/Natsuki/OneDrive/Documents/Atsumiken/BeautoBalancer/Balancer2_firm_Default/lib\libBalancer2_lib.a(current.o)
                0x000008e8                ClearCurrentVariables
 .text.getCurrent
                0x0000094c       0x6c C:/Users/Natsuki/OneDrive/Documents/Atsumiken/BeautoBalancer/Balancer2_firm_Default/lib\libBalancer2_lib.a(current.o)
                0x0000094c                getCurrent
 .text.CurrentControlDisable
                0x000009b8       0x10 C:/Users/Natsuki/OneDrive/Documents/Atsumiken/BeautoBalancer/Balancer2_firm_Default/lib\libBalancer2_lib.a(current.o)
                0x000009b8                CurrentControlDisable
 .text.CurrentControlEnable
                0x000009c8       0x10 C:/Users/Natsuki/OneDrive/Documents/Atsumiken/BeautoBalancer/Balancer2_firm_Default/lib\libBalancer2_lib.a(current.o)
                0x000009c8                CurrentControlEnable
 .text.MTRCurrentControlProc
                0x000009d8      0x234 C:/Users/Natsuki/OneDrive/Documents/Atsumiken/BeautoBalancer/Balancer2_firm_Default/lib\libBalancer2_lib.a(current.o)
                0x000009d8                MTRCurrentControlProc
 .text.InitEncoder
                0x00000c0c       0x94 C:/Users/Natsuki/OneDrive/Documents/Atsumiken/BeautoBalancer/Balancer2_firm_Default/lib\libBalancer2_lib.a(enc.o)
                0x00000c0c                InitEncoder
 .text.ClearEncVariables
                0x00000ca0       0x28 C:/Users/Natsuki/OneDrive/Documents/Atsumiken/BeautoBalancer/Balancer2_firm_Default/lib\libBalancer2_lib.a(enc.o)
                0x00000ca0                ClearEncVariables
 .text.EncProc  0x00000cc8      0x188 C:/Users/Natsuki/OneDrive/Documents/Atsumiken/BeautoBalancer/Balancer2_firm_Default/lib\libBalancer2_lib.a(enc.o)
                0x00000cc8                EncProc
 .text.IntEncoder
                0x00000e50       0x90 C:/Users/Natsuki/OneDrive/Documents/Atsumiken/BeautoBalancer/Balancer2_firm_Default/lib\libBalancer2_lib.a(enc.o)
                0x00000e50                IntEncoder
 .text.SysTick_Handler
                0x00000ee0       0x44 C:/Users/Natsuki/OneDrive/Documents/Atsumiken/BeautoBalancer/Balancer2_firm_Default/lib\libBalancer2_lib.a(enc.o)
                0x00000ee0                SysTick_Handler
 .text.GPIOSetDir
                0x00000f24       0xf0 C:/Users/Natsuki/OneDrive/Documents/Atsumiken/BeautoBalancer/Balancer2_firm_Default/lib\libBalancer2_lib.a(gpio.o)
                0x00000f24                GPIOSetDir
 .text.GPIOSetValue
                0x00001014       0x60 C:/Users/Natsuki/OneDrive/Documents/Atsumiken/BeautoBalancer/Balancer2_firm_Default/lib\libBalancer2_lib.a(gpio.o)
                0x00001014                GPIOSetValue
 .text.GPIOGetValueBit
                0x00001074       0x60 C:/Users/Natsuki/OneDrive/Documents/Atsumiken/BeautoBalancer/Balancer2_firm_Default/lib\libBalancer2_lib.a(gpio.o)
                0x00001074                GPIOGetValueBit
 .text.ClearGyroVariables
                0x000010d4       0x1c C:/Users/Natsuki/OneDrive/Documents/Atsumiken/BeautoBalancer/Balancer2_firm_Default/lib\libBalancer2_lib.a(gyro.o)
                0x000010d4                ClearGyroVariables
 .text.SetI2CGain
                0x000010f0       0x70 C:/Users/Natsuki/OneDrive/Documents/Atsumiken/BeautoBalancer/Balancer2_firm_Default/lib\libBalancer2_lib.a(gyro.o)
                0x000010f0                SetI2CGain
 .text.getGyroI2C
                0x00001160       0x50 C:/Users/Natsuki/OneDrive/Documents/Atsumiken/BeautoBalancer/Balancer2_firm_Default/lib\libBalancer2_lib.a(gyro.o)
                0x00001160                getGyroI2C
 .text.GyroProc
                0x000011b0       0xe8 C:/Users/Natsuki/OneDrive/Documents/Atsumiken/BeautoBalancer/Balancer2_firm_Default/lib\libBalancer2_lib.a(gyro.o)
                0x000011b0                GyroProc
 .text.I2C_IRQHandler
                0x00001298      0x230 C:/Users/Natsuki/OneDrive/Documents/Atsumiken/BeautoBalancer/Balancer2_firm_Default/lib\libBalancer2_lib.a(i2c.o)
                0x00001298                I2C_IRQHandler
 .text.I2CStart
                0x000014c8       0x50 C:/Users/Natsuki/OneDrive/Documents/Atsumiken/BeautoBalancer/Balancer2_firm_Default/lib\libBalancer2_lib.a(i2c.o)
                0x000014c8                I2CStart
 .text.I2CStop  0x00001518       0x1c C:/Users/Natsuki/OneDrive/Documents/Atsumiken/BeautoBalancer/Balancer2_firm_Default/lib\libBalancer2_lib.a(i2c.o)
                0x00001518                I2CStop
 .text.I2CInit  0x00001534       0x70 C:/Users/Natsuki/OneDrive/Documents/Atsumiken/BeautoBalancer/Balancer2_firm_Default/lib\libBalancer2_lib.a(i2c.o)
                0x00001534                I2CInit
 .text.I2CEngine
                0x000015a4       0x34 C:/Users/Natsuki/OneDrive/Documents/Atsumiken/BeautoBalancer/Balancer2_firm_Default/lib\libBalancer2_lib.a(i2c.o)
                0x000015a4                I2CEngine
 .text.isLogEnable
                0x000015d8       0x10 C:/Users/Natsuki/OneDrive/Documents/Atsumiken/BeautoBalancer/Balancer2_firm_Default/lib\libBalancer2_lib.a(log.o)
                0x000015d8                isLogEnable
 .text.isLogRecoding
                0x000015e8       0x14 C:/Users/Natsuki/OneDrive/Documents/Atsumiken/BeautoBalancer/Balancer2_firm_Default/lib\libBalancer2_lib.a(log.o)
                0x000015e8                isLogRecoding
 .text.LogStart
                0x000015fc       0x14 C:/Users/Natsuki/OneDrive/Documents/Atsumiken/BeautoBalancer/Balancer2_firm_Default/lib\libBalancer2_lib.a(log.o)
                0x000015fc                LogStart
 .text.LogProc  0x00001610      0x178 C:/Users/Natsuki/OneDrive/Documents/Atsumiken/BeautoBalancer/Balancer2_firm_Default/lib\libBalancer2_lib.a(log.o)
                0x00001610                LogProc
 .text.SystemInit
                0x00001788       0xec C:/Users/Natsuki/OneDrive/Documents/Atsumiken/BeautoBalancer/Balancer2_firm_Default/lib\libBalancer2_lib.a(system_LPC13xx.o)
                0x00001788                SystemInit
 .text.UART_IRQHandler
                0x00001874       0xd4 C:/Users/Natsuki/OneDrive/Documents/Atsumiken/BeautoBalancer/Balancer2_firm_Default/lib\libBalancer2_lib.a(uart.o)
                0x00001874                UART_IRQHandler
 .text.UARTInit
                0x00001948       0xd8 C:/Users/Natsuki/OneDrive/Documents/Atsumiken/BeautoBalancer/Balancer2_firm_Default/lib\libBalancer2_lib.a(uart.o)
                0x00001948                UARTInit
 .text.getCnt   0x00001a20       0x10 C:/Users/Natsuki/OneDrive/Documents/Atsumiken/BeautoBalancer/Balancer2_firm_Default/lib\libBalancer2_lib.a(util.o)
                0x00001a20                getCnt
 .text.Sync     0x00001a30       0x30 C:/Users/Natsuki/OneDrive/Documents/Atsumiken/BeautoBalancer/Balancer2_firm_Default/lib\libBalancer2_lib.a(vs-bb022.o)
                0x00001a30                Sync
 .text.getSW    0x00001a60       0x14 C:/Users/Natsuki/OneDrive/Documents/Atsumiken/BeautoBalancer/Balancer2_firm_Default/lib\libBalancer2_lib.a(vs-bb022.o)
                0x00001a60                getSW
 .text.Wait     0x00001a74       0x44 C:/Users/Natsuki/OneDrive/Documents/Atsumiken/BeautoBalancer/Balancer2_firm_Default/lib\libBalancer2_lib.a(vs-bb022.o)
                0x00001a74                Wait
 .text.CycleProc
                0x00001ab8       0x4c C:/Users/Natsuki/OneDrive/Documents/Atsumiken/BeautoBalancer/Balancer2_firm_Default/lib\libBalancer2_lib.a(vs-bb022.o)
                0x00001ab8                CycleProc
 .text.setLED   0x00001b04       0x24 C:/Users/Natsuki/OneDrive/Documents/Atsumiken/BeautoBalancer/Balancer2_firm_Default/lib\libBalancer2_lib.a(vs-bb022.o)
                0x00001b04                setLED
 .text.InitMemmap
                0x00001b28      0x1b8 C:/Users/Natsuki/OneDrive/Documents/Atsumiken/BeautoBalancer/Balancer2_firm_Default/lib\libBalancer2_lib.a(vs-bb022.o)
                0x00001b28                InitMemmap
 .text.SetMotorPwm
                0x00001ce0      0x100 C:/Users/Natsuki/OneDrive/Documents/Atsumiken/BeautoBalancer/Balancer2_firm_Default/lib\libBalancer2_lib.a(vs-bb022.o)
                0x00001ce0                SetMotorPwm
 .text.Timer16Init
                0x00001de0       0x7c C:/Users/Natsuki/OneDrive/Documents/Atsumiken/BeautoBalancer/Balancer2_firm_Default/lib\libBalancer2_lib.a(vs-bb022.o)
                0x00001de0                Timer16Init
 .text.Timer32Init
                0x00001e5c       0x3c C:/Users/Natsuki/OneDrive/Documents/Atsumiken/BeautoBalancer/Balancer2_firm_Default/lib\libBalancer2_lib.a(vs-bb022.o)
                0x00001e5c                Timer32Init
 .text.TIMER32_0_IRQHandler
                0x00001e98       0x90 C:/Users/Natsuki/OneDrive/Documents/Atsumiken/BeautoBalancer/Balancer2_firm_Default/lib\libBalancer2_lib.a(vs-bb022.o)
                0x00001e98                TIMER32_0_IRQHandler
 .text.DisableIntterupt
                0x00001f28       0x3c C:/Users/Natsuki/OneDrive/Documents/Atsumiken/BeautoBalancer/Balancer2_firm_Default/lib\libBalancer2_lib.a(vs-bb022.o)
                0x00001f28                DisableIntterupt
 .text.Init     0x00001f64      0x100 C:/Users/Natsuki/OneDrive/Documents/Atsumiken/BeautoBalancer/Balancer2_firm_Default/lib\libBalancer2_lib.a(vs-bb022.o)
                0x00001f64                Init
 .text.Balancer2Init
                0x00002064       0x20 C:/Users/Natsuki/OneDrive/Documents/Atsumiken/BeautoBalancer/Balancer2_firm_Default/lib\libBalancer2_lib.a(vs-bb022.o)
                0x00002064                Balancer2Init
 .text.EnableIntterupt
                0x00002084       0x20 C:/Users/Natsuki/OneDrive/Documents/Atsumiken/BeautoBalancer/Balancer2_firm_Default/lib\libBalancer2_lib.a(vs-bb022.o)
                0x00002084                EnableIntterupt
 .text.ADCInit  0x000020a4       0xa0 C:/Users/Natsuki/OneDrive/Documents/Atsumiken/BeautoBalancer/Balancer2_firm_Default/lib\libBalancer2_lib.a(adc.o)
                0x000020a4                ADCInit
 .text.ADCRead  0x00002144       0x24 C:/Users/Natsuki/OneDrive/Documents/Atsumiken/BeautoBalancer/Balancer2_firm_Default/lib\libBalancer2_lib.a(adc.o)
                0x00002144                ADCRead
 .text.ADC_IRQHandler
                0x00002168      0x164 C:/Users/Natsuki/OneDrive/Documents/Atsumiken/BeautoBalancer/Balancer2_firm_Default/lib\libBalancer2_lib.a(adc.o)
                0x00002168                ADC_IRQHandler
 .text.call_IAP
                0x000022cc       0x2c C:/Users/Natsuki/OneDrive/Documents/Atsumiken/BeautoBalancer/Balancer2_firm_Default/lib\libBalancer2_lib.a(flash.o)
 .text.FLASH_ProgramPage
                0x000022f8       0x48 C:/Users/Natsuki/OneDrive/Documents/Atsumiken/BeautoBalancer/Balancer2_firm_Default/lib\libBalancer2_lib.a(flash.o)
                0x000022f8                FLASH_ProgramPage
 .text.FLASH_ErasePage
                0x00002340       0x30 C:/Users/Natsuki/OneDrive/Documents/Atsumiken/BeautoBalancer/Balancer2_firm_Default/lib\libBalancer2_lib.a(flash.o)
                0x00002340                FLASH_ErasePage
 .text.FLASH_WRITE_MEMMAP
                0x00002370       0x48 C:/Users/Natsuki/OneDrive/Documents/Atsumiken/BeautoBalancer/Balancer2_firm_Default/lib\libBalancer2_lib.a(flash.o)
                0x00002370                FLASH_WRITE_MEMMAP
 .text.FLASH_READ_MEMMAP
                0x000023b8       0x1c C:/Users/Natsuki/OneDrive/Documents/Atsumiken/BeautoBalancer/Balancer2_firm_Default/lib\libBalancer2_lib.a(flash.o)
                0x000023b8                FLASH_READ_MEMMAP
 .text.PadWait  0x000023d4       0x10 C:/Users/Natsuki/OneDrive/Documents/Atsumiken/BeautoBalancer/Balancer2_firm_Default/lib\libBalancer2_lib.a(pad.o)
                0x000023d4                PadWait
 .text.Ds2rw    0x000023e4       0x8c C:/Users/Natsuki/OneDrive/Documents/Atsumiken/BeautoBalancer/Balancer2_firm_Default/lib\libBalancer2_lib.a(pad.o)
                0x000023e4                Ds2rw
 .text.Ds2Com   0x00002470       0x44 C:/Users/Natsuki/OneDrive/Documents/Atsumiken/BeautoBalancer/Balancer2_firm_Default/lib\libBalancer2_lib.a(pad.o)
                0x00002470                Ds2Com
 .text.PS_Set_AN
                0x000024b4       0xa0 C:/Users/Natsuki/OneDrive/Documents/Atsumiken/BeautoBalancer/Balancer2_firm_Default/lib\libBalancer2_lib.a(pad.o)
                0x000024b4                PS_Set_AN
 .text.updatePAD
                0x00002554       0xb8 C:/Users/Natsuki/OneDrive/Documents/Atsumiken/BeautoBalancer/Balancer2_firm_Default/lib\libBalancer2_lib.a(pad.o)
                0x00002554                updatePAD
 .text.PADProc  0x0000260c        0x8 C:/Users/Natsuki/OneDrive/Documents/Atsumiken/BeautoBalancer/Balancer2_firm_Default/lib\libBalancer2_lib.a(pad.o)
                0x0000260c                PADProc
 .text.USBInit  0x00002614       0x70 C:/Users/Natsuki/OneDrive/Documents/Atsumiken/BeautoBalancer/Balancer2_firm_Default/lib\libBalancer2_lib.a(usb_user.o)
                0x00002614                USBInit
 .text.USB_Reset_Event
                0x00002684        0x8 C:/Users/Natsuki/OneDrive/Documents/Atsumiken/BeautoBalancer/Balancer2_firm_Default/lib\libBalancer2_lib.a(usb_user.o)
                0x00002684                USB_Reset_Event
 .text.SetUSBSendData
                0x0000268c       0x40 C:/Users/Natsuki/OneDrive/Documents/Atsumiken/BeautoBalancer/Balancer2_firm_Default/lib\libBalancer2_lib.a(usb_user.o)
                0x0000268c                SetUSBSendData
 .text.InUSBDataProcces
                0x000026cc      0x19c C:/Users/Natsuki/OneDrive/Documents/Atsumiken/BeautoBalancer/Balancer2_firm_Default/lib\libBalancer2_lib.a(usb_user.o)
                0x000026cc                InUSBDataProcces
 .text.USB_EndPoint1
                0x00002868       0x18 C:/Users/Natsuki/OneDrive/Documents/Atsumiken/BeautoBalancer/Balancer2_firm_Default/lib\libBalancer2_lib.a(usb_user.o)
                0x00002868                USB_EndPoint1
 .text.USB_ResetCore
                0x00002880       0x4c C:/Users/Natsuki/OneDrive/Documents/Atsumiken/BeautoBalancer/Balancer2_firm_Default/lib\libBalancer2_lib.a(usb_core.o)
                0x00002880                USB_ResetCore
 .text.USB_SetupStage
                0x000028cc       0x14 C:/Users/Natsuki/OneDrive/Documents/Atsumiken/BeautoBalancer/Balancer2_firm_Default/lib\libBalancer2_lib.a(usb_core.o)
                0x000028cc                USB_SetupStage
 .text.USB_DataInStage
                0x000028e0       0x58 C:/Users/Natsuki/OneDrive/Documents/Atsumiken/BeautoBalancer/Balancer2_firm_Default/lib\libBalancer2_lib.a(usb_core.o)
                0x000028e0                USB_DataInStage
 .text.USB_DataOutStage
                0x00002938       0x3c C:/Users/Natsuki/OneDrive/Documents/Atsumiken/BeautoBalancer/Balancer2_firm_Default/lib\libBalancer2_lib.a(usb_core.o)
                0x00002938                USB_DataOutStage
 .text.USB_StatusInStage
                0x00002974       0x10 C:/Users/Natsuki/OneDrive/Documents/Atsumiken/BeautoBalancer/Balancer2_firm_Default/lib\libBalancer2_lib.a(usb_core.o)
                0x00002974                USB_StatusInStage
 .text.USB_StatusOutStage
                0x00002984       0x14 C:/Users/Natsuki/OneDrive/Documents/Atsumiken/BeautoBalancer/Balancer2_firm_Default/lib\libBalancer2_lib.a(usb_core.o)
                0x00002984                USB_StatusOutStage
 .text.USB_ReqGetStatus
                0x00002998       0xf4 C:/Users/Natsuki/OneDrive/Documents/Atsumiken/BeautoBalancer/Balancer2_firm_Default/lib\libBalancer2_lib.a(usb_core.o)
                0x00002998                USB_ReqGetStatus
 .text.USB_ReqSetClrFeature
                0x00002a8c      0x130 C:/Users/Natsuki/OneDrive/Documents/Atsumiken/BeautoBalancer/Balancer2_firm_Default/lib\libBalancer2_lib.a(usb_core.o)
                0x00002a8c                USB_ReqSetClrFeature
 .text.USB_ReqSetAddress
                0x00002bbc       0x3c C:/Users/Natsuki/OneDrive/Documents/Atsumiken/BeautoBalancer/Balancer2_firm_Default/lib\libBalancer2_lib.a(usb_core.o)
                0x00002bbc                USB_ReqSetAddress
 .text.USB_ReqGetDescriptor
                0x00002bf8      0x174 C:/Users/Natsuki/OneDrive/Documents/Atsumiken/BeautoBalancer/Balancer2_firm_Default/lib\libBalancer2_lib.a(usb_core.o)
                0x00002bf8                USB_ReqGetDescriptor
 .text.USB_ReqGetConfiguration
                0x00002d6c       0x38 C:/Users/Natsuki/OneDrive/Documents/Atsumiken/BeautoBalancer/Balancer2_firm_Default/lib\libBalancer2_lib.a(usb_core.o)
                0x00002d6c                USB_ReqGetConfiguration
 .text.UsbAddPtr
                0x00002da4       0x24 C:/Users/Natsuki/OneDrive/Documents/Atsumiken/BeautoBalancer/Balancer2_firm_Default/lib\libBalancer2_lib.a(usb_core.o)
                0x00002da4                UsbAddPtr
 .text.USB_ReqSetConfiguration
                0x00002dc8      0x254 C:/Users/Natsuki/OneDrive/Documents/Atsumiken/BeautoBalancer/Balancer2_firm_Default/lib\libBalancer2_lib.a(usb_core.o)
                0x00002dc8                USB_ReqSetConfiguration
 .text.USB_ReqGetInterface
                0x0000301c       0x68 C:/Users/Natsuki/OneDrive/Documents/Atsumiken/BeautoBalancer/Balancer2_firm_Default/lib\libBalancer2_lib.a(usb_core.o)
                0x0000301c                USB_ReqGetInterface
 .text.USB_ReqSetInterface
                0x00003084      0x1b8 C:/Users/Natsuki/OneDrive/Documents/Atsumiken/BeautoBalancer/Balancer2_firm_Default/lib\libBalancer2_lib.a(usb_core.o)
                0x00003084                USB_ReqSetInterface
 .text.USB_EndPoint0
                0x0000323c      0x32c C:/Users/Natsuki/OneDrive/Documents/Atsumiken/BeautoBalancer/Balancer2_firm_Default/lib\libBalancer2_lib.a(usb_core.o)
                0x0000323c                USB_EndPoint0
 .text.delay    0x00003568       0x2c C:/Users/Natsuki/OneDrive/Documents/Atsumiken/BeautoBalancer/Balancer2_firm_Default/lib\libBalancer2_lib.a(usb_hardware.o)
                0x00003568                delay
 .text.EPAdr    0x00003594       0x30 C:/Users/Natsuki/OneDrive/Documents/Atsumiken/BeautoBalancer/Balancer2_firm_Default/lib\libBalancer2_lib.a(usb_hardware.o)
                0x00003594                EPAdr
 .text.WrCmd    0x000035c4       0x58 C:/Users/Natsuki/OneDrive/Documents/Atsumiken/BeautoBalancer/Balancer2_firm_Default/lib\libBalancer2_lib.a(usb_hardware.o)
                0x000035c4                WrCmd
 .text.WrCmdDat
                0x0000361c       0x1c C:/Users/Natsuki/OneDrive/Documents/Atsumiken/BeautoBalancer/Balancer2_firm_Default/lib\libBalancer2_lib.a(usb_hardware.o)
                0x0000361c                WrCmdDat
 .text.WrCmdEP  0x00003638       0x2c C:/Users/Natsuki/OneDrive/Documents/Atsumiken/BeautoBalancer/Balancer2_firm_Default/lib\libBalancer2_lib.a(usb_hardware.o)
                0x00003638                WrCmdEP
 .text.RdCmdDat
                0x00003664       0x38 C:/Users/Natsuki/OneDrive/Documents/Atsumiken/BeautoBalancer/Balancer2_firm_Default/lib\libBalancer2_lib.a(usb_hardware.o)
                0x00003664                RdCmdDat
 .text.USB_Connect
                0x0000369c       0x5c C:/Users/Natsuki/OneDrive/Documents/Atsumiken/BeautoBalancer/Balancer2_firm_Default/lib\libBalancer2_lib.a(usb_hardware.o)
                0x0000369c                USB_Connect
 .text.USB_Reset
                0x000036f8       0x24 C:/Users/Natsuki/OneDrive/Documents/Atsumiken/BeautoBalancer/Balancer2_firm_Default/lib\libBalancer2_lib.a(usb_hardware.o)
                0x000036f8                USB_Reset
 .text.USB_WakeUpCfg
                0x0000371c       0x14 C:/Users/Natsuki/OneDrive/Documents/Atsumiken/BeautoBalancer/Balancer2_firm_Default/lib\libBalancer2_lib.a(usb_hardware.o)
                0x0000371c                USB_WakeUpCfg
 .text.USB_SetAddress
                0x00003730       0x3c C:/Users/Natsuki/OneDrive/Documents/Atsumiken/BeautoBalancer/Balancer2_firm_Default/lib\libBalancer2_lib.a(usb_hardware.o)
                0x00003730                USB_SetAddress
 .text.USB_Configure
                0x0000376c       0x30 C:/Users/Natsuki/OneDrive/Documents/Atsumiken/BeautoBalancer/Balancer2_firm_Default/lib\libBalancer2_lib.a(usb_hardware.o)
                0x0000376c                USB_Configure
 .text.USB_ConfigEP
                0x0000379c       0x14 C:/Users/Natsuki/OneDrive/Documents/Atsumiken/BeautoBalancer/Balancer2_firm_Default/lib\libBalancer2_lib.a(usb_hardware.o)
                0x0000379c                USB_ConfigEP
 .text.USB_DirCtrlEP
                0x000037b0       0x14 C:/Users/Natsuki/OneDrive/Documents/Atsumiken/BeautoBalancer/Balancer2_firm_Default/lib\libBalancer2_lib.a(usb_hardware.o)
                0x000037b0                USB_DirCtrlEP
 .text.USB_EnableEP
                0x000037c4       0x2c C:/Users/Natsuki/OneDrive/Documents/Atsumiken/BeautoBalancer/Balancer2_firm_Default/lib\libBalancer2_lib.a(usb_hardware.o)
                0x000037c4                USB_EnableEP
 .text.USB_DisableEP
                0x000037f0       0x2c C:/Users/Natsuki/OneDrive/Documents/Atsumiken/BeautoBalancer/Balancer2_firm_Default/lib\libBalancer2_lib.a(usb_hardware.o)
                0x000037f0                USB_DisableEP
 .text.USB_ResetEP
                0x0000381c       0x2c C:/Users/Natsuki/OneDrive/Documents/Atsumiken/BeautoBalancer/Balancer2_firm_Default/lib\libBalancer2_lib.a(usb_hardware.o)
                0x0000381c                USB_ResetEP
 .text.USB_SetStallEP
                0x00003848       0x2c C:/Users/Natsuki/OneDrive/Documents/Atsumiken/BeautoBalancer/Balancer2_firm_Default/lib\libBalancer2_lib.a(usb_hardware.o)
                0x00003848                USB_SetStallEP
 .text.USB_ClrStallEP
                0x00003874       0x2c C:/Users/Natsuki/OneDrive/Documents/Atsumiken/BeautoBalancer/Balancer2_firm_Default/lib\libBalancer2_lib.a(usb_hardware.o)
                0x00003874                USB_ClrStallEP
 .text.USB_ReadEP
                0x000038a0       0x80 C:/Users/Natsuki/OneDrive/Documents/Atsumiken/BeautoBalancer/Balancer2_firm_Default/lib\libBalancer2_lib.a(usb_hardware.o)
                0x000038a0                USB_ReadEP
 .text.USB_WriteEP
                0x00003920       0xa8 C:/Users/Natsuki/OneDrive/Documents/Atsumiken/BeautoBalancer/Balancer2_firm_Default/lib\libBalancer2_lib.a(usb_hardware.o)
                0x00003920                USB_WriteEP
 .text.USB_IRQHandler
                0x000039c8      0x134 C:/Users/Natsuki/OneDrive/Documents/Atsumiken/BeautoBalancer/Balancer2_firm_Default/lib\libBalancer2_lib.a(usb_hardware.o)
                0x000039c8                USB_IRQHandler
 .text.HID_GetIdle
                0x00003afc       0x2c C:/Users/Natsuki/OneDrive/Documents/Atsumiken/BeautoBalancer/Balancer2_firm_Default/lib\libBalancer2_lib.a(usb_hiduser.o)
                0x00003afc                HID_GetIdle
 .text.HID_SetIdle
                0x00003b28       0x28 C:/Users/Natsuki/OneDrive/Documents/Atsumiken/BeautoBalancer/Balancer2_firm_Default/lib\libBalancer2_lib.a(usb_hiduser.o)
                0x00003b28                HID_SetIdle
 .text.HID_GetProtocol
                0x00003b50       0x20 C:/Users/Natsuki/OneDrive/Documents/Atsumiken/BeautoBalancer/Balancer2_firm_Default/lib\libBalancer2_lib.a(usb_hiduser.o)
                0x00003b50                HID_GetProtocol
 .text.HID_SetProtocol
                0x00003b70       0x24 C:/Users/Natsuki/OneDrive/Documents/Atsumiken/BeautoBalancer/Balancer2_firm_Default/lib\libBalancer2_lib.a(usb_hiduser.o)
                0x00003b70                HID_SetProtocol
 .text.memset   0x00003b94        0x4 c:/nxp/lpcxpresso_7.5.0_254/lpcxpresso/tools/bin/../lib/gcc/arm-none-eabi/4.8.4/../../../../arm-none-eabi/lib/armv7-m\libcr_c.a(memset.o)
                0x00003b94                memset
 .text.__aeabi_division_ldivmod
                0x00003b98       0x26 c:/nxp/lpcxpresso_7.5.0_254/lpcxpresso/tools/bin/../lib/gcc/arm-none-eabi/4.8.4/armv7-m\libcr_eabihelpers.a(division_64.o)
                0x00003b98                __aeabi_ldivmod
 .text.__aeabi_division_uldivmod
                0x00003bbe      0x188 c:/nxp/lpcxpresso_7.5.0_254/lpcxpresso/tools/bin/../lib/gcc/arm-none-eabi/4.8.4/armv7-m\libcr_eabihelpers.a(division_64.o)
                0x00003bbe                __aeabi_uldivmod
                0x00003bc2                __bhs_ldivmod1
 .text.__aeabi_division_idiv0
                0x00003d46        0x2 c:/nxp/lpcxpresso_7.5.0_254/lpcxpresso/tools/bin/../lib/gcc/arm-none-eabi/4.8.4/armv7-m\libcr_eabihelpers.a(division_idiv0.o)
                0x00003d46                __aeabi_idiv0
 .text.__aeabi_dmul
                0x00003d48      0x12c c:/nxp/lpcxpresso_7.5.0_254/lpcxpresso/tools/bin/../lib/gcc/arm-none-eabi/4.8.4/armv7-m\libcr_eabihelpers.a(double.o)
                0x00003d48                __aeabi_dmul
 .text.__aeabi_ddiv
                0x00003e74      0x16c c:/nxp/lpcxpresso_7.5.0_254/lpcxpresso/tools/bin/../lib/gcc/arm-none-eabi/4.8.4/armv7-m\libcr_eabihelpers.a(double.o)
                0x00003e74                __aeabi_ddiv
 .text.__aeabi_dsub
                0x00003fe0      0x228 c:/nxp/lpcxpresso_7.5.0_254/lpcxpresso/tools/bin/../lib/gcc/arm-none-eabi/4.8.4/armv7-m\libcr_eabihelpers.a(double.o)
                0x00003fe0                __aeabi_dsub
 .text.__aeabi_dadd
                0x00004208      0x178 c:/nxp/lpcxpresso_7.5.0_254/lpcxpresso/tools/bin/../lib/gcc/arm-none-eabi/4.8.4/armv7-m\libcr_eabihelpers.a(double.o)
                0x00004208                __aeabi_dadd
 .text.__aeabi_d2iz
                0x00004380       0x4c c:/nxp/lpcxpresso_7.5.0_254/lpcxpresso/tools/bin/../lib/gcc/arm-none-eabi/4.8.4/armv7-m\libcr_eabihelpers.a(double.o)
                0x00004380                __aeabi_d2iz
 .text.__bhs_ui2d
                0x000043cc       0x48 c:/nxp/lpcxpresso_7.5.0_254/lpcxpresso/tools/bin/../lib/gcc/arm-none-eabi/4.8.4/armv7-m\libcr_eabihelpers.a(double.o)
                0x000043cc                __bhs_ui2d
 .text.__bhs_ul2d
                0x00004414       0x90 c:/nxp/lpcxpresso_7.5.0_254/lpcxpresso/tools/bin/../lib/gcc/arm-none-eabi/4.8.4/armv7-m\libcr_eabihelpers.a(double.o)
                0x00004414                __bhs_ul2d
 .text.__aeabi_i2d
                0x000044a4       0x10 c:/nxp/lpcxpresso_7.5.0_254/lpcxpresso/tools/bin/../lib/gcc/arm-none-eabi/4.8.4/armv7-m\libcr_eabihelpers.a(double.o)
                0x000044a4                __aeabi_i2d
 .text.__aeabi_ui2d
                0x000044b4        0x8 c:/nxp/lpcxpresso_7.5.0_254/lpcxpresso/tools/bin/../lib/gcc/arm-none-eabi/4.8.4/armv7-m\libcr_eabihelpers.a(double.o)
                0x000044b4                __aeabi_ui2d
 .text.__aeabi_l2d
                0x000044bc       0x24 c:/nxp/lpcxpresso_7.5.0_254/lpcxpresso/tools/bin/../lib/gcc/arm-none-eabi/4.8.4/armv7-m\libcr_eabihelpers.a(double.o)
                0x000044bc                __aeabi_l2d
 .text.__aeabi_dcmplt
                0x000044e0       0x70 c:/nxp/lpcxpresso_7.5.0_254/lpcxpresso/tools/bin/../lib/gcc/arm-none-eabi/4.8.4/armv7-m\libcr_eabihelpers.a(double.o)
                0x000044e0                __aeabi_dcmplt
 .text.__aeabi_dcmpgt
                0x00004550       0x6c c:/nxp/lpcxpresso_7.5.0_254/lpcxpresso/tools/bin/../lib/gcc/arm-none-eabi/4.8.4/armv7-m\libcr_eabihelpers.a(double.o)
                0x00004550                __aeabi_dcmpgt
 .text.__aeabi_memset_lowlevel
                0x000045bc       0x38 c:/nxp/lpcxpresso_7.5.0_254/lpcxpresso/tools/bin/../lib/gcc/arm-none-eabi/4.8.4/armv7-m\libcr_eabihelpers.a(memcpy.o)
                0x000045bc                __aeabi_lowlevel_memset
 *(.rodata*)
 .rodata        0x000045f4       0x10 C:/Users/Natsuki/OneDrive/Documents/Atsumiken/BeautoBalancer/Balancer2_firm_Default/lib\libBalancer2_lib.a(enc.o)
                0x000045f4                enctbl
 .rodata        0x00004604       0x3c C:/Users/Natsuki/OneDrive/Documents/Atsumiken/BeautoBalancer/Balancer2_firm_Default/lib\libBalancer2_lib.a(pad.o)
 .rodata        0x00004640       0x14 C:/Users/Natsuki/OneDrive/Documents/Atsumiken/BeautoBalancer/Balancer2_firm_Default/lib\libBalancer2_lib.a(usb_user.o)
                0x00004640                USB_P_EP
 .rodata        0x00004654       0x98 C:/Users/Natsuki/OneDrive/Documents/Atsumiken/BeautoBalancer/Balancer2_firm_Default/lib\libBalancer2_lib.a(usb_descriptors.o)
                0x00004654                USB_StringDescriptor
                0x0000468c                USB_ConfigDescriptor
                0x000046b8                USB_DeviceDescriptor
                0x000046ca                HID_ReportDescSize
                0x000046cc                HID_ReportDescriptor

.glue_7         0x000046ec        0x0
 .glue_7        0x00000000        0x0 linker stubs

.glue_7t        0x000046ec        0x0
 .glue_7t       0x00000000        0x0 linker stubs

.vfp11_veneer   0x000046ec        0x0
 .vfp11_veneer  0x00000000        0x0 linker stubs

.v4_bx          0x000046ec        0x0
 .v4_bx         0x00000000        0x0 linker stubs

.iplt           0x000046ec        0x0
 .iplt          0x00000000        0x0 ./src/control.o

.ARM.extab
 *(.ARM.extab* .gnu.linkonce.armextab.*)
                0x000046ec                __exidx_start = .

.ARM.exidx
 *(.ARM.exidx* .gnu.linkonce.armexidx.*)
                0x000046ec                __exidx_end = .
                0x000046ec                _etext = .

.cmap           0x00007000      0x160
 *(.Const_Map*)
 .Const_Map     0x00007000      0x160 C:/Users/Natsuki/OneDrive/Documents/Atsumiken/BeautoBalancer/Balancer2_firm_Default/lib\libBalancer2_lib.a(mot.o)
                0x00007000                Constmemmap

.rel.dyn        0x00007160        0x0
 .rel.iplt      0x00000000        0x0 ./src/control.o

.data           0x10000000       0x10 load address 0x000046ec
                0x10000000                _data = .
 *(vtable)
 *(.data*)
 .data          0x10000000        0x4 C:/Users/Natsuki/OneDrive/Documents/Atsumiken/BeautoBalancer/Balancer2_firm_Default/lib\libBalancer2_lib.a(log.o)
                0x10000000                databuffer
 .data          0x10000004        0x4 C:/Users/Natsuki/OneDrive/Documents/Atsumiken/BeautoBalancer/Balancer2_firm_Default/lib\libBalancer2_lib.a(system_LPC13xx.o)
                0x10000004                SystemCoreClock
 .data          0x10000008        0x1 C:/Users/Natsuki/OneDrive/Documents/Atsumiken/BeautoBalancer/Balancer2_firm_Default/lib\libBalancer2_lib.a(uart.o)
                0x10000008                UARTTxEmpty
 *fill*         0x10000009        0x3 
 .data          0x1000000c        0x4 C:/Users/Natsuki/OneDrive/Documents/Atsumiken/BeautoBalancer/Balancer2_firm_Default/lib\libBalancer2_lib.a(flash.o)
                0x1000000c                iap_entry
                0x10000010                _edata = .

.igot.plt       0x10000010        0x0 load address 0x000046fc
 .igot.plt      0x00000000        0x0 ./src/control.o

.bss            0x10000010     0x14ee load address 0x000046fc
                0x10000010                _bss = .
 *(.bss*)
 .bss           0x10000010       0x40 ./src/control.o
                0x10000038                cnt1
 .bss           0x10000050        0x4 ./src/main.o
 .bss           0x10000054        0x2 C:/Users/Natsuki/OneDrive/Documents/Atsumiken/BeautoBalancer/Balancer2_firm_Default/lib\libBalancer2_lib.a(current.o)
                0x10000054                current_cnt
 .bss           0x10000056        0x4 C:/Users/Natsuki/OneDrive/Documents/Atsumiken/BeautoBalancer/Balancer2_firm_Default/lib\libBalancer2_lib.a(enc.o)
                0x10000056                enc_cnt
 *fill*         0x1000005a        0x6 
 .bss           0x10000060       0x18 C:/Users/Natsuki/OneDrive/Documents/Atsumiken/BeautoBalancer/Balancer2_firm_Default/lib\libBalancer2_lib.a(gyro.o)
                0x10000060                i2cgain
                0x10000068                gyro_old_p
                0x10000070                gyro_old_AngureSpd
 .bss           0x10000078       0x14 C:/Users/Natsuki/OneDrive/Documents/Atsumiken/BeautoBalancer/Balancer2_firm_Default/lib\libBalancer2_lib.a(i2c.o)
                0x10000078                WrIndex
                0x1000007c                I2CMasterState
                0x10000080                RdIndex
                0x10000084                I2CCount
                0x10000088                I2CSlaveState
 .bss           0x1000008c        0x8 C:/Users/Natsuki/OneDrive/Documents/Atsumiken/BeautoBalancer/Balancer2_firm_Default/lib\libBalancer2_lib.a(log.o)
                0x1000008c                logmode
                0x10000090                logtimer
 .bss           0x10000094        0xc C:/Users/Natsuki/OneDrive/Documents/Atsumiken/BeautoBalancer/Balancer2_firm_Default/lib\libBalancer2_lib.a(uart.o)
                0x10000094                UARTWriteCount
                0x10000098                UARTReadCount
                0x1000009c                UARTBuffCount
 .bss           0x100000a0        0x2 C:/Users/Natsuki/OneDrive/Documents/Atsumiken/BeautoBalancer/Balancer2_firm_Default/lib\libBalancer2_lib.a(vs-bb022.o)
                0x100000a1                EncFlag
 *fill*         0x100000a2        0x2 
 .bss           0x100000a4        0x4 C:/Users/Natsuki/OneDrive/Documents/Atsumiken/BeautoBalancer/Balancer2_firm_Default/lib\libBalancer2_lib.a(adc.o)
                0x100000a4                ADCIntDone
 .bss           0x100000a8        0x1 C:/Users/Natsuki/OneDrive/Documents/Atsumiken/BeautoBalancer/Balancer2_firm_Default/lib\libBalancer2_lib.a(pad.o)
 *fill*         0x100000a9        0x3 
 .bss           0x100000ac        0x4 C:/Users/Natsuki/OneDrive/Documents/Atsumiken/BeautoBalancer/Balancer2_firm_Default/lib\libBalancer2_lib.a(usb_hardware.o)
                0x100000ac                systicktemp
 *(COMMON)
 COMMON         0x100000b0      0x168 ./src/control.o
                0x100000b0                memmap
 COMMON         0x10000218      0x112 C:/Users/Natsuki/OneDrive/Documents/Atsumiken/BeautoBalancer/Balancer2_firm_Default/lib\libBalancer2_lib.a(current.o)
                0x10000218                CurrentValue
                0x10000288                USB_InPutData
                0x100002c8                current_old_p
                0x100002d8                current_i
                0x100002e8                USB_OutPutData
                0x10000328                bSendUSBdata
                0x10000329                isUSB_data_sending
 *fill*         0x1000032a        0x6 
 COMMON         0x10000330       0x60 C:/Users/Natsuki/OneDrive/Documents/Atsumiken/BeautoBalancer/Balancer2_firm_Default/lib\libBalancer2_lib.a(enc.o)
                0x10000330                newL
                0x10000338                newR
                0x10000340                ENCSPDValue
 COMMON         0x10000390       0x28 C:/Users/Natsuki/OneDrive/Documents/Atsumiken/BeautoBalancer/Balancer2_firm_Default/lib\libBalancer2_lib.a(i2c.o)
                0x10000390                I2CReadLength
                0x10000394                I2CSlaveBuffer
                0x100003a0                StatValue
                0x100003a4                I2CMode
                0x100003a8                I2CMasterBuffer
                0x100003b4                I2CWriteLength
 COMMON         0x100003b8       0x44 C:/Users/Natsuki/OneDrive/Documents/Atsumiken/BeautoBalancer/Balancer2_firm_Default/lib\libBalancer2_lib.a(uart.o)
                0x100003b8                UARTBuffer
                0x100003f8                UARTStatus
 *fill*         0x100003fc        0x4 
 COMMON         0x10000400       0x40 C:/Users/Natsuki/OneDrive/Documents/Atsumiken/BeautoBalancer/Balancer2_firm_Default/lib\libBalancer2_lib.a(vs-bb022.o)
                0x10000400                intteruptflag
                0x10000420                iBuzzerPitch
                0x10000424                bBuzzerFlag
                0x10000428                SystickModeCnt
                0x10000430                SystickWaitCnt
                0x10000438                SystickSyncCnt
 COMMON         0x10000440       0x20 C:/Users/Natsuki/OneDrive/Documents/Atsumiken/BeautoBalancer/Balancer2_firm_Default/lib\libBalancer2_lib.a(adc.o)
                0x10000440                ADCValue
 COMMON         0x10000460     0x1024 C:/Users/Natsuki/OneDrive/Documents/Atsumiken/BeautoBalancer/Balancer2_firm_Default/lib\libBalancer2_lib.a(flash.o)
                0x10000460                command
                0x10000474                srcbuf
                0x10001474                result
 *fill*         0x10001484        0x4 
 COMMON         0x10001488       0x72 C:/Users/Natsuki/OneDrive/Documents/Atsumiken/BeautoBalancer/Balancer2_firm_Default/lib\libBalancer2_lib.a(usb_core.o)
                0x10001488                USB_AltSetting
                0x10001490                EP0Buf
                0x100014d0                USB_EndPointMask
                0x100014d4                USB_DeviceAddress
                0x100014d8                USB_EndPointStall
                0x100014dc                USB_EndPointHalt
                0x100014e0                USB_Configuration
                0x100014e4                SetupPacket
                0x100014ec                USB_NumInterfaces
                0x100014f0                EP0Data
                0x100014f8                USB_DeviceStatus
 *fill*         0x100014fa        0x2 
 COMMON         0x100014fc        0x2 C:/Users/Natsuki/OneDrive/Documents/Atsumiken/BeautoBalancer/Balancer2_firm_Default/lib\libBalancer2_lib.a(usb_hiduser.o)
                0x100014fc                HID_IdleTime
                0x100014fd                HID_Protocol
                0x100014fe                _ebss = .

.cr_heap        0x100014fe        0x0 load address 0x000046fc
                0x100014fe                end = .
                0x100014fe                _pvHeapStart = .
                0x10002000                _vRamTop = __top_RamLoc8
                0x10002000                _vStackTop = (_vRamTop - 0x0)
OUTPUT(Balancer2_firm_Default.axf elf32-littlearm)

.debug_info     0x00000000     0xe21e
 .debug_info    0x00000000      0x752 ./src/control.o
 .debug_info    0x00000752      0x1ed ./src/cr_startup_lpc13.o
 .debug_info    0x0000093f      0x915 ./src/main.o
 .debug_info    0x00001254      0x76a C:/Users/Natsuki/OneDrive/Documents/Atsumiken/BeautoBalancer/Balancer2_firm_Default/lib\libBalancer2_lib.a(current.o)
 .debug_info    0x000019be      0xcd9 C:/Users/Natsuki/OneDrive/Documents/Atsumiken/BeautoBalancer/Balancer2_firm_Default/lib\libBalancer2_lib.a(enc.o)
 .debug_info    0x00002697      0xb5a C:/Users/Natsuki/OneDrive/Documents/Atsumiken/BeautoBalancer/Balancer2_firm_Default/lib\libBalancer2_lib.a(gpio.o)
 .debug_info    0x000031f1      0x651 C:/Users/Natsuki/OneDrive/Documents/Atsumiken/BeautoBalancer/Balancer2_firm_Default/lib\libBalancer2_lib.a(gyro.o)
 .debug_info    0x00003842      0xbe4 C:/Users/Natsuki/OneDrive/Documents/Atsumiken/BeautoBalancer/Balancer2_firm_Default/lib\libBalancer2_lib.a(i2c.o)
 .debug_info    0x00004426      0x69e C:/Users/Natsuki/OneDrive/Documents/Atsumiken/BeautoBalancer/Balancer2_firm_Default/lib\libBalancer2_lib.a(log.o)
 .debug_info    0x00004ac4      0x4be C:/Users/Natsuki/OneDrive/Documents/Atsumiken/BeautoBalancer/Balancer2_firm_Default/lib\libBalancer2_lib.a(system_LPC13xx.o)
 .debug_info    0x00004f82     0x11da C:/Users/Natsuki/OneDrive/Documents/Atsumiken/BeautoBalancer/Balancer2_firm_Default/lib\libBalancer2_lib.a(uart.o)
 .debug_info    0x0000615c      0x545 C:/Users/Natsuki/OneDrive/Documents/Atsumiken/BeautoBalancer/Balancer2_firm_Default/lib\libBalancer2_lib.a(util.o)
 .debug_info    0x000066a1     0x1859 C:/Users/Natsuki/OneDrive/Documents/Atsumiken/BeautoBalancer/Balancer2_firm_Default/lib\libBalancer2_lib.a(vs-bb022.o)
 .debug_info    0x00007efa      0xfda C:/Users/Natsuki/OneDrive/Documents/Atsumiken/BeautoBalancer/Balancer2_firm_Default/lib\libBalancer2_lib.a(adc.o)
 .debug_info    0x00008ed4      0x8cb C:/Users/Natsuki/OneDrive/Documents/Atsumiken/BeautoBalancer/Balancer2_firm_Default/lib\libBalancer2_lib.a(flash.o)
 .debug_info    0x0000979f      0x4bb C:/Users/Natsuki/OneDrive/Documents/Atsumiken/BeautoBalancer/Balancer2_firm_Default/lib\libBalancer2_lib.a(mot.o)
 .debug_info    0x00009c5a      0xb0c C:/Users/Natsuki/OneDrive/Documents/Atsumiken/BeautoBalancer/Balancer2_firm_Default/lib\libBalancer2_lib.a(pad.o)
 .debug_info    0x0000a766     0x1302 C:/Users/Natsuki/OneDrive/Documents/Atsumiken/BeautoBalancer/Balancer2_firm_Default/lib\libBalancer2_lib.a(usb_user.o)
 .debug_info    0x0000ba68      0xc93 C:/Users/Natsuki/OneDrive/Documents/Atsumiken/BeautoBalancer/Balancer2_firm_Default/lib\libBalancer2_lib.a(usb_core.o)
 .debug_info    0x0000c6fb      0x5bd C:/Users/Natsuki/OneDrive/Documents/Atsumiken/BeautoBalancer/Balancer2_firm_Default/lib\libBalancer2_lib.a(usb_descriptors.o)
 .debug_info    0x0000ccb8      0xe91 C:/Users/Natsuki/OneDrive/Documents/Atsumiken/BeautoBalancer/Balancer2_firm_Default/lib\libBalancer2_lib.a(usb_hardware.o)
 .debug_info    0x0000db49      0x6d5 C:/Users/Natsuki/OneDrive/Documents/Atsumiken/BeautoBalancer/Balancer2_firm_Default/lib\libBalancer2_lib.a(usb_hiduser.o)

.debug_abbrev   0x00000000     0x2dad
 .debug_abbrev  0x00000000      0x1ec ./src/control.o
 .debug_abbrev  0x000001ec       0xf7 ./src/cr_startup_lpc13.o
 .debug_abbrev  0x000002e3      0x214 ./src/main.o
 .debug_abbrev  0x000004f7      0x1e1 C:/Users/Natsuki/OneDrive/Documents/Atsumiken/BeautoBalancer/Balancer2_firm_Default/lib\libBalancer2_lib.a(current.o)
 .debug_abbrev  0x000006d8      0x2e6 C:/Users/Natsuki/OneDrive/Documents/Atsumiken/BeautoBalancer/Balancer2_firm_Default/lib\libBalancer2_lib.a(enc.o)
 .debug_abbrev  0x000009be      0x232 C:/Users/Natsuki/OneDrive/Documents/Atsumiken/BeautoBalancer/Balancer2_firm_Default/lib\libBalancer2_lib.a(gpio.o)
 .debug_abbrev  0x00000bf0      0x1a6 C:/Users/Natsuki/OneDrive/Documents/Atsumiken/BeautoBalancer/Balancer2_firm_Default/lib\libBalancer2_lib.a(gyro.o)
 .debug_abbrev  0x00000d96      0x1f1 C:/Users/Natsuki/OneDrive/Documents/Atsumiken/BeautoBalancer/Balancer2_firm_Default/lib\libBalancer2_lib.a(i2c.o)
 .debug_abbrev  0x00000f87      0x1b3 C:/Users/Natsuki/OneDrive/Documents/Atsumiken/BeautoBalancer/Balancer2_firm_Default/lib\libBalancer2_lib.a(log.o)
 .debug_abbrev  0x0000113a       0xf8 C:/Users/Natsuki/OneDrive/Documents/Atsumiken/BeautoBalancer/Balancer2_firm_Default/lib\libBalancer2_lib.a(system_LPC13xx.o)
 .debug_abbrev  0x00001232      0x285 C:/Users/Natsuki/OneDrive/Documents/Atsumiken/BeautoBalancer/Balancer2_firm_Default/lib\libBalancer2_lib.a(uart.o)
 .debug_abbrev  0x000014b7      0x1f5 C:/Users/Natsuki/OneDrive/Documents/Atsumiken/BeautoBalancer/Balancer2_firm_Default/lib\libBalancer2_lib.a(util.o)
 .debug_abbrev  0x000016ac      0x46c C:/Users/Natsuki/OneDrive/Documents/Atsumiken/BeautoBalancer/Balancer2_firm_Default/lib\libBalancer2_lib.a(vs-bb022.o)
 .debug_abbrev  0x00001b18      0x228 C:/Users/Natsuki/OneDrive/Documents/Atsumiken/BeautoBalancer/Balancer2_firm_Default/lib\libBalancer2_lib.a(adc.o)
 .debug_abbrev  0x00001d40      0x247 C:/Users/Natsuki/OneDrive/Documents/Atsumiken/BeautoBalancer/Balancer2_firm_Default/lib\libBalancer2_lib.a(flash.o)
 .debug_abbrev  0x00001f87       0xc7 C:/Users/Natsuki/OneDrive/Documents/Atsumiken/BeautoBalancer/Balancer2_firm_Default/lib\libBalancer2_lib.a(mot.o)
 .debug_abbrev  0x0000204e      0x228 C:/Users/Natsuki/OneDrive/Documents/Atsumiken/BeautoBalancer/Balancer2_firm_Default/lib\libBalancer2_lib.a(pad.o)
 .debug_abbrev  0x00002276      0x2f1 C:/Users/Natsuki/OneDrive/Documents/Atsumiken/BeautoBalancer/Balancer2_firm_Default/lib\libBalancer2_lib.a(usb_user.o)
 .debug_abbrev  0x00002567      0x2de C:/Users/Natsuki/OneDrive/Documents/Atsumiken/BeautoBalancer/Balancer2_firm_Default/lib\libBalancer2_lib.a(usb_core.o)
 .debug_abbrev  0x00002845       0xd4 C:/Users/Natsuki/OneDrive/Documents/Atsumiken/BeautoBalancer/Balancer2_firm_Default/lib\libBalancer2_lib.a(usb_descriptors.o)
 .debug_abbrev  0x00002919      0x318 C:/Users/Natsuki/OneDrive/Documents/Atsumiken/BeautoBalancer/Balancer2_firm_Default/lib\libBalancer2_lib.a(usb_hardware.o)
 .debug_abbrev  0x00002c31      0x17c C:/Users/Natsuki/OneDrive/Documents/Atsumiken/BeautoBalancer/Balancer2_firm_Default/lib\libBalancer2_lib.a(usb_hiduser.o)

.debug_loc      0x00000000     0x32ba
 .debug_loc     0x00000000      0x12b ./src/control.o
 .debug_loc     0x0000012b       0x22 ./src/cr_startup_lpc13.o
 .debug_loc     0x0000014d       0xa2 ./src/main.o
 .debug_loc     0x000001ef      0x17b C:/Users/Natsuki/OneDrive/Documents/Atsumiken/BeautoBalancer/Balancer2_firm_Default/lib\libBalancer2_lib.a(current.o)
 .debug_loc     0x0000036a      0x11e C:/Users/Natsuki/OneDrive/Documents/Atsumiken/BeautoBalancer/Balancer2_firm_Default/lib\libBalancer2_lib.a(enc.o)
 .debug_loc     0x00000488      0xabb C:/Users/Natsuki/OneDrive/Documents/Atsumiken/BeautoBalancer/Balancer2_firm_Default/lib\libBalancer2_lib.a(gpio.o)
 .debug_loc     0x00000f43       0x81 C:/Users/Natsuki/OneDrive/Documents/Atsumiken/BeautoBalancer/Balancer2_firm_Default/lib\libBalancer2_lib.a(gyro.o)
 .debug_loc     0x00000fc4       0x40 C:/Users/Natsuki/OneDrive/Documents/Atsumiken/BeautoBalancer/Balancer2_firm_Default/lib\libBalancer2_lib.a(i2c.o)
 .debug_loc     0x00001004      0x150 C:/Users/Natsuki/OneDrive/Documents/Atsumiken/BeautoBalancer/Balancer2_firm_Default/lib\libBalancer2_lib.a(log.o)
 .debug_loc     0x00001154      0x1cd C:/Users/Natsuki/OneDrive/Documents/Atsumiken/BeautoBalancer/Balancer2_firm_Default/lib\libBalancer2_lib.a(system_LPC13xx.o)
 .debug_loc     0x00001321      0x214 C:/Users/Natsuki/OneDrive/Documents/Atsumiken/BeautoBalancer/Balancer2_firm_Default/lib\libBalancer2_lib.a(uart.o)
 .debug_loc     0x00001535      0x782 C:/Users/Natsuki/OneDrive/Documents/Atsumiken/BeautoBalancer/Balancer2_firm_Default/lib\libBalancer2_lib.a(util.o)
 .debug_loc     0x00001cb7      0x255 C:/Users/Natsuki/OneDrive/Documents/Atsumiken/BeautoBalancer/Balancer2_firm_Default/lib\libBalancer2_lib.a(vs-bb022.o)
 .debug_loc     0x00001f0c      0x13c C:/Users/Natsuki/OneDrive/Documents/Atsumiken/BeautoBalancer/Balancer2_firm_Default/lib\libBalancer2_lib.a(adc.o)
 .debug_loc     0x00002048      0x284 C:/Users/Natsuki/OneDrive/Documents/Atsumiken/BeautoBalancer/Balancer2_firm_Default/lib\libBalancer2_lib.a(flash.o)
 .debug_loc     0x000022cc      0x1a7 C:/Users/Natsuki/OneDrive/Documents/Atsumiken/BeautoBalancer/Balancer2_firm_Default/lib\libBalancer2_lib.a(pad.o)
 .debug_loc     0x00002473      0x293 C:/Users/Natsuki/OneDrive/Documents/Atsumiken/BeautoBalancer/Balancer2_firm_Default/lib\libBalancer2_lib.a(usb_user.o)
 .debug_loc     0x00002706      0x5a3 C:/Users/Natsuki/OneDrive/Documents/Atsumiken/BeautoBalancer/Balancer2_firm_Default/lib\libBalancer2_lib.a(usb_core.o)
 .debug_loc     0x00002ca9      0x611 C:/Users/Natsuki/OneDrive/Documents/Atsumiken/BeautoBalancer/Balancer2_firm_Default/lib\libBalancer2_lib.a(usb_hardware.o)

.debug_aranges  0x00000000      0x738
 .debug_aranges
                0x00000000       0x48 ./src/control.o
 .debug_aranges
                0x00000048       0x70 ./src/cr_startup_lpc13.o
 .debug_aranges
                0x000000b8       0x28 ./src/main.o
 .debug_aranges
                0x000000e0       0x40 C:/Users/Natsuki/OneDrive/Documents/Atsumiken/BeautoBalancer/Balancer2_firm_Default/lib\libBalancer2_lib.a(current.o)
 .debug_aranges
                0x00000120       0x40 C:/Users/Natsuki/OneDrive/Documents/Atsumiken/BeautoBalancer/Balancer2_firm_Default/lib\libBalancer2_lib.a(enc.o)
 .debug_aranges
                0x00000160       0x68 C:/Users/Natsuki/OneDrive/Documents/Atsumiken/BeautoBalancer/Balancer2_firm_Default/lib\libBalancer2_lib.a(gpio.o)
 .debug_aranges
                0x000001c8       0x38 C:/Users/Natsuki/OneDrive/Documents/Atsumiken/BeautoBalancer/Balancer2_firm_Default/lib\libBalancer2_lib.a(gyro.o)
 .debug_aranges
                0x00000200       0x40 C:/Users/Natsuki/OneDrive/Documents/Atsumiken/BeautoBalancer/Balancer2_firm_Default/lib\libBalancer2_lib.a(i2c.o)
 .debug_aranges
                0x00000240       0x60 C:/Users/Natsuki/OneDrive/Documents/Atsumiken/BeautoBalancer/Balancer2_firm_Default/lib\libBalancer2_lib.a(log.o)
 .debug_aranges
                0x000002a0       0x28 C:/Users/Natsuki/OneDrive/Documents/Atsumiken/BeautoBalancer/Balancer2_firm_Default/lib\libBalancer2_lib.a(system_LPC13xx.o)
 .debug_aranges
                0x000002c8       0x48 C:/Users/Natsuki/OneDrive/Documents/Atsumiken/BeautoBalancer/Balancer2_firm_Default/lib\libBalancer2_lib.a(uart.o)
 .debug_aranges
                0x00000310       0x78 C:/Users/Natsuki/OneDrive/Documents/Atsumiken/BeautoBalancer/Balancer2_firm_Default/lib\libBalancer2_lib.a(util.o)
 .debug_aranges
                0x00000388       0xb0 C:/Users/Natsuki/OneDrive/Documents/Atsumiken/BeautoBalancer/Balancer2_firm_Default/lib\libBalancer2_lib.a(vs-bb022.o)
 .debug_aranges
                0x00000438       0x38 C:/Users/Natsuki/OneDrive/Documents/Atsumiken/BeautoBalancer/Balancer2_firm_Default/lib\libBalancer2_lib.a(adc.o)
 .debug_aranges
                0x00000470       0x48 C:/Users/Natsuki/OneDrive/Documents/Atsumiken/BeautoBalancer/Balancer2_firm_Default/lib\libBalancer2_lib.a(flash.o)
 .debug_aranges
                0x000004b8       0x18 C:/Users/Natsuki/OneDrive/Documents/Atsumiken/BeautoBalancer/Balancer2_firm_Default/lib\libBalancer2_lib.a(mot.o)
 .debug_aranges
                0x000004d0       0x48 C:/Users/Natsuki/OneDrive/Documents/Atsumiken/BeautoBalancer/Balancer2_firm_Default/lib\libBalancer2_lib.a(pad.o)
 .debug_aranges
                0x00000518       0x50 C:/Users/Natsuki/OneDrive/Documents/Atsumiken/BeautoBalancer/Balancer2_firm_Default/lib\libBalancer2_lib.a(usb_user.o)
 .debug_aranges
                0x00000568       0x98 C:/Users/Natsuki/OneDrive/Documents/Atsumiken/BeautoBalancer/Balancer2_firm_Default/lib\libBalancer2_lib.a(usb_core.o)
 .debug_aranges
                0x00000600       0x18 C:/Users/Natsuki/OneDrive/Documents/Atsumiken/BeautoBalancer/Balancer2_firm_Default/lib\libBalancer2_lib.a(usb_descriptors.o)
 .debug_aranges
                0x00000618       0xe8 C:/Users/Natsuki/OneDrive/Documents/Atsumiken/BeautoBalancer/Balancer2_firm_Default/lib\libBalancer2_lib.a(usb_hardware.o)
 .debug_aranges
                0x00000700       0x38 C:/Users/Natsuki/OneDrive/Documents/Atsumiken/BeautoBalancer/Balancer2_firm_Default/lib\libBalancer2_lib.a(usb_hiduser.o)

.debug_ranges   0x00000000      0x5f8
 .debug_ranges  0x00000000       0x38 ./src/control.o
 .debug_ranges  0x00000038       0x60 ./src/cr_startup_lpc13.o
 .debug_ranges  0x00000098       0x30 ./src/main.o
 .debug_ranges  0x000000c8       0x30 C:/Users/Natsuki/OneDrive/Documents/Atsumiken/BeautoBalancer/Balancer2_firm_Default/lib\libBalancer2_lib.a(current.o)
 .debug_ranges  0x000000f8       0x30 C:/Users/Natsuki/OneDrive/Documents/Atsumiken/BeautoBalancer/Balancer2_firm_Default/lib\libBalancer2_lib.a(enc.o)
 .debug_ranges  0x00000128       0x58 C:/Users/Natsuki/OneDrive/Documents/Atsumiken/BeautoBalancer/Balancer2_firm_Default/lib\libBalancer2_lib.a(gpio.o)
 .debug_ranges  0x00000180       0x28 C:/Users/Natsuki/OneDrive/Documents/Atsumiken/BeautoBalancer/Balancer2_firm_Default/lib\libBalancer2_lib.a(gyro.o)
 .debug_ranges  0x000001a8       0x30 C:/Users/Natsuki/OneDrive/Documents/Atsumiken/BeautoBalancer/Balancer2_firm_Default/lib\libBalancer2_lib.a(i2c.o)
 .debug_ranges  0x000001d8       0x50 C:/Users/Natsuki/OneDrive/Documents/Atsumiken/BeautoBalancer/Balancer2_firm_Default/lib\libBalancer2_lib.a(log.o)
 .debug_ranges  0x00000228       0x18 C:/Users/Natsuki/OneDrive/Documents/Atsumiken/BeautoBalancer/Balancer2_firm_Default/lib\libBalancer2_lib.a(system_LPC13xx.o)
 .debug_ranges  0x00000240       0x38 C:/Users/Natsuki/OneDrive/Documents/Atsumiken/BeautoBalancer/Balancer2_firm_Default/lib\libBalancer2_lib.a(uart.o)
 .debug_ranges  0x00000278       0x80 C:/Users/Natsuki/OneDrive/Documents/Atsumiken/BeautoBalancer/Balancer2_firm_Default/lib\libBalancer2_lib.a(util.o)
 .debug_ranges  0x000002f8       0xa0 C:/Users/Natsuki/OneDrive/Documents/Atsumiken/BeautoBalancer/Balancer2_firm_Default/lib\libBalancer2_lib.a(vs-bb022.o)
 .debug_ranges  0x00000398       0x28 C:/Users/Natsuki/OneDrive/Documents/Atsumiken/BeautoBalancer/Balancer2_firm_Default/lib\libBalancer2_lib.a(adc.o)
 .debug_ranges  0x000003c0       0x38 C:/Users/Natsuki/OneDrive/Documents/Atsumiken/BeautoBalancer/Balancer2_firm_Default/lib\libBalancer2_lib.a(flash.o)
 .debug_ranges  0x000003f8       0x38 C:/Users/Natsuki/OneDrive/Documents/Atsumiken/BeautoBalancer/Balancer2_firm_Default/lib\libBalancer2_lib.a(pad.o)
 .debug_ranges  0x00000430       0x40 C:/Users/Natsuki/OneDrive/Documents/Atsumiken/BeautoBalancer/Balancer2_firm_Default/lib\libBalancer2_lib.a(usb_user.o)
 .debug_ranges  0x00000470       0x88 C:/Users/Natsuki/OneDrive/Documents/Atsumiken/BeautoBalancer/Balancer2_firm_Default/lib\libBalancer2_lib.a(usb_core.o)
 .debug_ranges  0x000004f8       0xd8 C:/Users/Natsuki/OneDrive/Documents/Atsumiken/BeautoBalancer/Balancer2_firm_Default/lib\libBalancer2_lib.a(usb_hardware.o)
 .debug_ranges  0x000005d0       0x28 C:/Users/Natsuki/OneDrive/Documents/Atsumiken/BeautoBalancer/Balancer2_firm_Default/lib\libBalancer2_lib.a(usb_hiduser.o)

.debug_line     0x00000000     0x2ee3
 .debug_line    0x00000000      0x1b3 ./src/control.o
 .debug_line    0x000001b3      0x163 ./src/cr_startup_lpc13.o
 .debug_line    0x00000316      0x1e3 ./src/main.o
 .debug_line    0x000004f9      0x1e3 C:/Users/Natsuki/OneDrive/Documents/Atsumiken/BeautoBalancer/Balancer2_firm_Default/lib\libBalancer2_lib.a(current.o)
 .debug_line    0x000006dc      0x21d C:/Users/Natsuki/OneDrive/Documents/Atsumiken/BeautoBalancer/Balancer2_firm_Default/lib\libBalancer2_lib.a(enc.o)
 .debug_line    0x000008f9      0x23c C:/Users/Natsuki/OneDrive/Documents/Atsumiken/BeautoBalancer/Balancer2_firm_Default/lib\libBalancer2_lib.a(gpio.o)
 .debug_line    0x00000b35      0x19f C:/Users/Natsuki/OneDrive/Documents/Atsumiken/BeautoBalancer/Balancer2_firm_Default/lib\libBalancer2_lib.a(gyro.o)
 .debug_line    0x00000cd4      0x196 C:/Users/Natsuki/OneDrive/Documents/Atsumiken/BeautoBalancer/Balancer2_firm_Default/lib\libBalancer2_lib.a(i2c.o)
 .debug_line    0x00000e6a      0x21b C:/Users/Natsuki/OneDrive/Documents/Atsumiken/BeautoBalancer/Balancer2_firm_Default/lib\libBalancer2_lib.a(log.o)
 .debug_line    0x00001085      0x18c C:/Users/Natsuki/OneDrive/Documents/Atsumiken/BeautoBalancer/Balancer2_firm_Default/lib\libBalancer2_lib.a(system_LPC13xx.o)
 .debug_line    0x00001211      0x22e C:/Users/Natsuki/OneDrive/Documents/Atsumiken/BeautoBalancer/Balancer2_firm_Default/lib\libBalancer2_lib.a(uart.o)
 .debug_line    0x0000143f      0x204 C:/Users/Natsuki/OneDrive/Documents/Atsumiken/BeautoBalancer/Balancer2_firm_Default/lib\libBalancer2_lib.a(util.o)
 .debug_line    0x00001643      0x416 C:/Users/Natsuki/OneDrive/Documents/Atsumiken/BeautoBalancer/Balancer2_firm_Default/lib\libBalancer2_lib.a(vs-bb022.o)
 .debug_line    0x00001a59      0x1e6 C:/Users/Natsuki/OneDrive/Documents/Atsumiken/BeautoBalancer/Balancer2_firm_Default/lib\libBalancer2_lib.a(adc.o)
 .debug_line    0x00001c3f      0x195 C:/Users/Natsuki/OneDrive/Documents/Atsumiken/BeautoBalancer/Balancer2_firm_Default/lib\libBalancer2_lib.a(flash.o)
 .debug_line    0x00001dd4       0x93 C:/Users/Natsuki/OneDrive/Documents/Atsumiken/BeautoBalancer/Balancer2_firm_Default/lib\libBalancer2_lib.a(mot.o)
 .debug_line    0x00001e67      0x209 C:/Users/Natsuki/OneDrive/Documents/Atsumiken/BeautoBalancer/Balancer2_firm_Default/lib\libBalancer2_lib.a(pad.o)
 .debug_line    0x00002070      0x2e8 C:/Users/Natsuki/OneDrive/Documents/Atsumiken/BeautoBalancer/Balancer2_firm_Default/lib\libBalancer2_lib.a(usb_user.o)
 .debug_line    0x00002358      0x477 C:/Users/Natsuki/OneDrive/Documents/Atsumiken/BeautoBalancer/Balancer2_firm_Default/lib\libBalancer2_lib.a(usb_core.o)
 .debug_line    0x000027cf      0x13c C:/Users/Natsuki/OneDrive/Documents/Atsumiken/BeautoBalancer/Balancer2_firm_Default/lib\libBalancer2_lib.a(usb_descriptors.o)
 .debug_line    0x0000290b      0x43e C:/Users/Natsuki/OneDrive/Documents/Atsumiken/BeautoBalancer/Balancer2_firm_Default/lib\libBalancer2_lib.a(usb_hardware.o)
 .debug_line    0x00002d49      0x19a C:/Users/Natsuki/OneDrive/Documents/Atsumiken/BeautoBalancer/Balancer2_firm_Default/lib\libBalancer2_lib.a(usb_hiduser.o)

.debug_str      0x00000000     0x23c4
 .debug_str     0x00000000      0x5e7 ./src/control.o
                                0x65d (size before relaxing)
 .debug_str     0x000005e7      0x114 ./src/cr_startup_lpc13.o
                                0x2a9 (size before relaxing)
 .debug_str     0x000006fb      0x130 ./src/main.o
                                0x6a5 (size before relaxing)
 .debug_str     0x0000082b      0x1c1 C:/Users/Natsuki/OneDrive/Documents/Atsumiken/BeautoBalancer/Balancer2_firm_Default/lib\libBalancer2_lib.a(current.o)
                                0x622 (size before relaxing)
 .debug_str     0x000009ec      0x54c C:/Users/Natsuki/OneDrive/Documents/Atsumiken/BeautoBalancer/Balancer2_firm_Default/lib\libBalancer2_lib.a(enc.o)
                                0xad2 (size before relaxing)
 .debug_str     0x00000f38      0x35e C:/Users/Natsuki/OneDrive/Documents/Atsumiken/BeautoBalancer/Balancer2_firm_Default/lib\libBalancer2_lib.a(gpio.o)
                                0x916 (size before relaxing)
 .debug_str     0x00001296       0x99 C:/Users/Natsuki/OneDrive/Documents/Atsumiken/BeautoBalancer/Balancer2_firm_Default/lib\libBalancer2_lib.a(gyro.o)
                                0x5ef (size before relaxing)
 .debug_str     0x0000132f      0x27f C:/Users/Natsuki/OneDrive/Documents/Atsumiken/BeautoBalancer/Balancer2_firm_Default/lib\libBalancer2_lib.a(i2c.o)
                                0xaf1 (size before relaxing)
 .debug_str     0x000015ae       0xa4 C:/Users/Natsuki/OneDrive/Documents/Atsumiken/BeautoBalancer/Balancer2_firm_Default/lib\libBalancer2_lib.a(log.o)
                                0x5da (size before relaxing)
 .debug_str     0x00001652       0x36 C:/Users/Natsuki/OneDrive/Documents/Atsumiken/BeautoBalancer/Balancer2_firm_Default/lib\libBalancer2_lib.a(system_LPC13xx.o)
                                0x495 (size before relaxing)
 .debug_str     0x00001688      0x121 C:/Users/Natsuki/OneDrive/Documents/Atsumiken/BeautoBalancer/Balancer2_firm_Default/lib\libBalancer2_lib.a(uart.o)
                                0xeb2 (size before relaxing)
 .debug_str     0x000017a9       0xe3 C:/Users/Natsuki/OneDrive/Documents/Atsumiken/BeautoBalancer/Balancer2_firm_Default/lib\libBalancer2_lib.a(util.o)
                                0x262 (size before relaxing)
 .debug_str     0x0000188c      0x188 C:/Users/Natsuki/OneDrive/Documents/Atsumiken/BeautoBalancer/Balancer2_firm_Default/lib\libBalancer2_lib.a(vs-bb022.o)
                               0x10df (size before relaxing)
 .debug_str     0x00001a14       0x52 C:/Users/Natsuki/OneDrive/Documents/Atsumiken/BeautoBalancer/Balancer2_firm_Default/lib\libBalancer2_lib.a(adc.o)
                                0xdf1 (size before relaxing)
 .debug_str     0x00001a66       0xb5 C:/Users/Natsuki/OneDrive/Documents/Atsumiken/BeautoBalancer/Balancer2_firm_Default/lib\libBalancer2_lib.a(flash.o)
                                0x5dd (size before relaxing)
 .debug_str     0x00001b1b        0xd C:/Users/Natsuki/OneDrive/Documents/Atsumiken/BeautoBalancer/Balancer2_firm_Default/lib\libBalancer2_lib.a(mot.o)
                                0x504 (size before relaxing)
 .debug_str     0x00001b28      0x147 C:/Users/Natsuki/OneDrive/Documents/Atsumiken/BeautoBalancer/Balancer2_firm_Default/lib\libBalancer2_lib.a(pad.o)
                                0x6bf (size before relaxing)
 .debug_str     0x00001c6f       0xd6 C:/Users/Natsuki/OneDrive/Documents/Atsumiken/BeautoBalancer/Balancer2_firm_Default/lib\libBalancer2_lib.a(usb_user.o)
                                0xf06 (size before relaxing)
 .debug_str     0x00001d45      0x50c C:/Users/Natsuki/OneDrive/Documents/Atsumiken/BeautoBalancer/Balancer2_firm_Default/lib\libBalancer2_lib.a(usb_core.o)
                                0x776 (size before relaxing)
 .debug_str     0x00002251       0x19 C:/Users/Natsuki/OneDrive/Documents/Atsumiken/BeautoBalancer/Balancer2_firm_Default/lib\libBalancer2_lib.a(usb_descriptors.o)
                                0x5b9 (size before relaxing)
 .debug_str     0x0000226a      0x12b C:/Users/Natsuki/OneDrive/Documents/Atsumiken/BeautoBalancer/Balancer2_firm_Default/lib\libBalancer2_lib.a(usb_hardware.o)
                                0x7b3 (size before relaxing)
 .debug_str     0x00002395       0x2f C:/Users/Natsuki/OneDrive/Documents/Atsumiken/BeautoBalancer/Balancer2_firm_Default/lib\libBalancer2_lib.a(usb_hiduser.o)
                                0x640 (size before relaxing)

.comment        0x00000000       0xe0
 .comment       0x00000000       0x70 ./src/control.o
                                 0x71 (size before relaxing)
 .comment       0x00000000       0x71 ./src/cr_startup_lpc13.o
 .comment       0x00000000       0x71 ./src/main.o
 .comment       0x00000070       0x70 C:/Users/Natsuki/OneDrive/Documents/Atsumiken/BeautoBalancer/Balancer2_firm_Default/lib\libBalancer2_lib.a(current.o)
                                 0x71 (size before relaxing)
 .comment       0x00000000       0x71 C:/Users/Natsuki/OneDrive/Documents/Atsumiken/BeautoBalancer/Balancer2_firm_Default/lib\libBalancer2_lib.a(enc.o)
 .comment       0x00000000       0x71 C:/Users/Natsuki/OneDrive/Documents/Atsumiken/BeautoBalancer/Balancer2_firm_Default/lib\libBalancer2_lib.a(gpio.o)
 .comment       0x00000000       0x71 C:/Users/Natsuki/OneDrive/Documents/Atsumiken/BeautoBalancer/Balancer2_firm_Default/lib\libBalancer2_lib.a(gyro.o)
 .comment       0x00000000       0x71 C:/Users/Natsuki/OneDrive/Documents/Atsumiken/BeautoBalancer/Balancer2_firm_Default/lib\libBalancer2_lib.a(i2c.o)
 .comment       0x00000000       0x71 C:/Users/Natsuki/OneDrive/Documents/Atsumiken/BeautoBalancer/Balancer2_firm_Default/lib\libBalancer2_lib.a(log.o)
 .comment       0x00000000       0x71 C:/Users/Natsuki/OneDrive/Documents/Atsumiken/BeautoBalancer/Balancer2_firm_Default/lib\libBalancer2_lib.a(system_LPC13xx.o)
 .comment       0x00000000       0x71 C:/Users/Natsuki/OneDrive/Documents/Atsumiken/BeautoBalancer/Balancer2_firm_Default/lib\libBalancer2_lib.a(uart.o)
 .comment       0x00000000       0x71 C:/Users/Natsuki/OneDrive/Documents/Atsumiken/BeautoBalancer/Balancer2_firm_Default/lib\libBalancer2_lib.a(util.o)
 .comment       0x00000000       0x71 C:/Users/Natsuki/OneDrive/Documents/Atsumiken/BeautoBalancer/Balancer2_firm_Default/lib\libBalancer2_lib.a(vs-bb022.o)
 .comment       0x00000000       0x71 C:/Users/Natsuki/OneDrive/Documents/Atsumiken/BeautoBalancer/Balancer2_firm_Default/lib\libBalancer2_lib.a(adc.o)
 .comment       0x00000000       0x71 C:/Users/Natsuki/OneDrive/Documents/Atsumiken/BeautoBalancer/Balancer2_firm_Default/lib\libBalancer2_lib.a(flash.o)
 .comment       0x00000000       0x71 C:/Users/Natsuki/OneDrive/Documents/Atsumiken/BeautoBalancer/Balancer2_firm_Default/lib\libBalancer2_lib.a(mot.o)
 .comment       0x00000000       0x71 C:/Users/Natsuki/OneDrive/Documents/Atsumiken/BeautoBalancer/Balancer2_firm_Default/lib\libBalancer2_lib.a(pad.o)
 .comment       0x00000000       0x71 C:/Users/Natsuki/OneDrive/Documents/Atsumiken/BeautoBalancer/Balancer2_firm_Default/lib\libBalancer2_lib.a(usb_user.o)
 .comment       0x00000000       0x71 C:/Users/Natsuki/OneDrive/Documents/Atsumiken/BeautoBalancer/Balancer2_firm_Default/lib\libBalancer2_lib.a(usb_core.o)
 .comment       0x00000000       0x71 C:/Users/Natsuki/OneDrive/Documents/Atsumiken/BeautoBalancer/Balancer2_firm_Default/lib\libBalancer2_lib.a(usb_descriptors.o)
 .comment       0x00000000       0x71 C:/Users/Natsuki/OneDrive/Documents/Atsumiken/BeautoBalancer/Balancer2_firm_Default/lib\libBalancer2_lib.a(usb_hardware.o)
 .comment       0x00000000       0x71 C:/Users/Natsuki/OneDrive/Documents/Atsumiken/BeautoBalancer/Balancer2_firm_Default/lib\libBalancer2_lib.a(usb_hiduser.o)
 .comment       0x00000000       0x71 c:/nxp/lpcxpresso_7.5.0_254/lpcxpresso/tools/bin/../lib/gcc/arm-none-eabi/4.8.4/../../../../arm-none-eabi/lib/armv7-m\libcr_c.a(memset.o)
 .comment       0x00000000       0x71 c:/nxp/lpcxpresso_7.5.0_254/lpcxpresso/tools/bin/../lib/gcc/arm-none-eabi/4.8.4/armv7-m\libcr_eabihelpers.a(double.o)

.ARM.attributes
                0x00000000       0x31
 .ARM.attributes
                0x00000000       0x33 ./src/control.o
 .ARM.attributes
                0x00000033       0x33 ./src/cr_startup_lpc13.o
 .ARM.attributes
                0x00000066       0x33 ./src/main.o
 .ARM.attributes
                0x00000099       0x33 C:/Users/Natsuki/OneDrive/Documents/Atsumiken/BeautoBalancer/Balancer2_firm_Default/lib\libBalancer2_lib.a(current.o)
 .ARM.attributes
                0x000000cc       0x33 C:/Users/Natsuki/OneDrive/Documents/Atsumiken/BeautoBalancer/Balancer2_firm_Default/lib\libBalancer2_lib.a(enc.o)
 .ARM.attributes
                0x000000ff       0x33 C:/Users/Natsuki/OneDrive/Documents/Atsumiken/BeautoBalancer/Balancer2_firm_Default/lib\libBalancer2_lib.a(gpio.o)
 .ARM.attributes
                0x00000132       0x33 C:/Users/Natsuki/OneDrive/Documents/Atsumiken/BeautoBalancer/Balancer2_firm_Default/lib\libBalancer2_lib.a(gyro.o)
 .ARM.attributes
                0x00000165       0x33 C:/Users/Natsuki/OneDrive/Documents/Atsumiken/BeautoBalancer/Balancer2_firm_Default/lib\libBalancer2_lib.a(i2c.o)
 .ARM.attributes
                0x00000198       0x33 C:/Users/Natsuki/OneDrive/Documents/Atsumiken/BeautoBalancer/Balancer2_firm_Default/lib\libBalancer2_lib.a(log.o)
 .ARM.attributes
                0x000001cb       0x33 C:/Users/Natsuki/OneDrive/Documents/Atsumiken/BeautoBalancer/Balancer2_firm_Default/lib\libBalancer2_lib.a(system_LPC13xx.o)
 .ARM.attributes
                0x000001fe       0x33 C:/Users/Natsuki/OneDrive/Documents/Atsumiken/BeautoBalancer/Balancer2_firm_Default/lib\libBalancer2_lib.a(uart.o)
 .ARM.attributes
                0x00000231       0x33 C:/Users/Natsuki/OneDrive/Documents/Atsumiken/BeautoBalancer/Balancer2_firm_Default/lib\libBalancer2_lib.a(util.o)
 .ARM.attributes
                0x00000264       0x33 C:/Users/Natsuki/OneDrive/Documents/Atsumiken/BeautoBalancer/Balancer2_firm_Default/lib\libBalancer2_lib.a(vs-bb022.o)
 .ARM.attributes
                0x00000297       0x33 C:/Users/Natsuki/OneDrive/Documents/Atsumiken/BeautoBalancer/Balancer2_firm_Default/lib\libBalancer2_lib.a(adc.o)
 .ARM.attributes
                0x000002ca       0x33 C:/Users/Natsuki/OneDrive/Documents/Atsumiken/BeautoBalancer/Balancer2_firm_Default/lib\libBalancer2_lib.a(flash.o)
 .ARM.attributes
                0x000002fd       0x33 C:/Users/Natsuki/OneDrive/Documents/Atsumiken/BeautoBalancer/Balancer2_firm_Default/lib\libBalancer2_lib.a(mot.o)
 .ARM.attributes
                0x00000330       0x33 C:/Users/Natsuki/OneDrive/Documents/Atsumiken/BeautoBalancer/Balancer2_firm_Default/lib\libBalancer2_lib.a(pad.o)
 .ARM.attributes
                0x00000363       0x33 C:/Users/Natsuki/OneDrive/Documents/Atsumiken/BeautoBalancer/Balancer2_firm_Default/lib\libBalancer2_lib.a(usb_user.o)
 .ARM.attributes
                0x00000396       0x33 C:/Users/Natsuki/OneDrive/Documents/Atsumiken/BeautoBalancer/Balancer2_firm_Default/lib\libBalancer2_lib.a(usb_core.o)
 .ARM.attributes
                0x000003c9       0x33 C:/Users/Natsuki/OneDrive/Documents/Atsumiken/BeautoBalancer/Balancer2_firm_Default/lib\libBalancer2_lib.a(usb_descriptors.o)
 .ARM.attributes
                0x000003fc       0x33 C:/Users/Natsuki/OneDrive/Documents/Atsumiken/BeautoBalancer/Balancer2_firm_Default/lib\libBalancer2_lib.a(usb_hardware.o)
 .ARM.attributes
                0x0000042f       0x33 C:/Users/Natsuki/OneDrive/Documents/Atsumiken/BeautoBalancer/Balancer2_firm_Default/lib\libBalancer2_lib.a(usb_hiduser.o)
 .ARM.attributes
                0x00000462       0x33 c:/nxp/lpcxpresso_7.5.0_254/lpcxpresso/tools/bin/../lib/gcc/arm-none-eabi/4.8.4/../../../../arm-none-eabi/lib/armv7-m\libcr_c.a(memset.o)
 .ARM.attributes
                0x00000495       0x21 c:/nxp/lpcxpresso_7.5.0_254/lpcxpresso/tools/bin/../lib/gcc/arm-none-eabi/4.8.4/armv7-m\libcr_eabihelpers.a(division_64.o)
 .ARM.attributes
                0x000004b6       0x21 c:/nxp/lpcxpresso_7.5.0_254/lpcxpresso/tools/bin/../lib/gcc/arm-none-eabi/4.8.4/armv7-m\libcr_eabihelpers.a(division_idiv0.o)
 .ARM.attributes
                0x000004d7       0x33 c:/nxp/lpcxpresso_7.5.0_254/lpcxpresso/tools/bin/../lib/gcc/arm-none-eabi/4.8.4/armv7-m\libcr_eabihelpers.a(double.o)
 .ARM.attributes
                0x0000050a       0x21 c:/nxp/lpcxpresso_7.5.0_254/lpcxpresso/tools/bin/../lib/gcc/arm-none-eabi/4.8.4/armv7-m\libcr_eabihelpers.a(memcpy.o)

.debug_frame    0x00000000     0x1100
 .debug_frame   0x00000000       0xd0 ./src/control.o
 .debug_frame   0x000000d0       0xc8 ./src/cr_startup_lpc13.o
 .debug_frame   0x00000198       0x4c ./src/main.o
 .debug_frame   0x000001e4       0x94 C:/Users/Natsuki/OneDrive/Documents/Atsumiken/BeautoBalancer/Balancer2_firm_Default/lib\libBalancer2_lib.a(current.o)
 .debug_frame   0x00000278       0x90 C:/Users/Natsuki/OneDrive/Documents/Atsumiken/BeautoBalancer/Balancer2_firm_Default/lib\libBalancer2_lib.a(enc.o)
 .debug_frame   0x00000308       0xd4 C:/Users/Natsuki/OneDrive/Documents/Atsumiken/BeautoBalancer/Balancer2_firm_Default/lib\libBalancer2_lib.a(gpio.o)
 .debug_frame   0x000003dc       0x78 C:/Users/Natsuki/OneDrive/Documents/Atsumiken/BeautoBalancer/Balancer2_firm_Default/lib\libBalancer2_lib.a(gyro.o)
 .debug_frame   0x00000454       0x74 C:/Users/Natsuki/OneDrive/Documents/Atsumiken/BeautoBalancer/Balancer2_firm_Default/lib\libBalancer2_lib.a(i2c.o)
 .debug_frame   0x000004c8       0xc0 C:/Users/Natsuki/OneDrive/Documents/Atsumiken/BeautoBalancer/Balancer2_firm_Default/lib\libBalancer2_lib.a(log.o)
 .debug_frame   0x00000588       0x30 C:/Users/Natsuki/OneDrive/Documents/Atsumiken/BeautoBalancer/Balancer2_firm_Default/lib\libBalancer2_lib.a(system_LPC13xx.o)
 .debug_frame   0x000005b8       0x88 C:/Users/Natsuki/OneDrive/Documents/Atsumiken/BeautoBalancer/Balancer2_firm_Default/lib\libBalancer2_lib.a(uart.o)
 .debug_frame   0x00000640      0x144 C:/Users/Natsuki/OneDrive/Documents/Atsumiken/BeautoBalancer/Balancer2_firm_Default/lib\libBalancer2_lib.a(util.o)
 .debug_frame   0x00000784      0x1b4 C:/Users/Natsuki/OneDrive/Documents/Atsumiken/BeautoBalancer/Balancer2_firm_Default/lib\libBalancer2_lib.a(vs-bb022.o)
 .debug_frame   0x00000938       0x58 C:/Users/Natsuki/OneDrive/Documents/Atsumiken/BeautoBalancer/Balancer2_firm_Default/lib\libBalancer2_lib.a(adc.o)
 .debug_frame   0x00000990       0xb0 C:/Users/Natsuki/OneDrive/Documents/Atsumiken/BeautoBalancer/Balancer2_firm_Default/lib\libBalancer2_lib.a(flash.o)
 .debug_frame   0x00000a40       0xb0 C:/Users/Natsuki/OneDrive/Documents/Atsumiken/BeautoBalancer/Balancer2_firm_Default/lib\libBalancer2_lib.a(pad.o)
 .debug_frame   0x00000af0       0xb0 C:/Users/Natsuki/OneDrive/Documents/Atsumiken/BeautoBalancer/Balancer2_firm_Default/lib\libBalancer2_lib.a(usb_user.o)
 .debug_frame   0x00000ba0      0x1d8 C:/Users/Natsuki/OneDrive/Documents/Atsumiken/BeautoBalancer/Balancer2_firm_Default/lib\libBalancer2_lib.a(usb_core.o)
 .debug_frame   0x00000d78      0x318 C:/Users/Natsuki/OneDrive/Documents/Atsumiken/BeautoBalancer/Balancer2_firm_Default/lib\libBalancer2_lib.a(usb_hardware.o)
 .debug_frame   0x00001090       0x70 C:/Users/Natsuki/OneDrive/Documents/Atsumiken/BeautoBalancer/Balancer2_firm_Default/lib\libBalancer2_lib.a(usb_hiduser.o)
