Archive member included because of file (symbol)

C:/Users/Natsuki/OneDrive/Documents/Atsumiken/BeautoBalancer/Balancer2_firm_Default/lib\libBalancer2_lib.a(current.o)
                              ./src/control.o (ClearCurrentVariables)
C:/Users/Natsuki/OneDrive/Documents/Atsumiken/BeautoBalancer/Balancer2_firm_Default/lib\libBalancer2_lib.a(enc.o)
                              ./src/control.o (ClearEncVariables)
C:/Users/Natsuki/OneDrive/Documents/Atsumiken/BeautoBalancer/Balancer2_firm_Default/lib\libBalancer2_lib.a(gpio.o)
                              C:/Users/Natsuki/OneDrive/Documents/Atsumiken/BeautoBalancer/Balancer2_firm_Default/lib\libBalancer2_lib.a(enc.o) (GPIOSetDir)
C:/Users/Natsuki/OneDrive/Documents/Atsumiken/BeautoBalancer/Balancer2_firm_Default/lib\libBalancer2_lib.a(gyro.o)
                              ./src/control.o (ClearGyroVariables)
C:/Users/Natsuki/OneDrive/Documents/Atsumiken/BeautoBalancer/Balancer2_firm_Default/lib\libBalancer2_lib.a(i2c.o)
                              C:/Users/Natsuki/OneDrive/Documents/Atsumiken/BeautoBalancer/Balancer2_firm_Default/lib\libBalancer2_lib.a(gyro.o) (I2CMasterBuffer)
C:/Users/Natsuki/OneDrive/Documents/Atsumiken/BeautoBalancer/Balancer2_firm_Default/lib\libBalancer2_lib.a(log.o)
                              ./src/main.o (isLogEnable)
C:/Users/Natsuki/OneDrive/Documents/Atsumiken/BeautoBalancer/Balancer2_firm_Default/lib\libBalancer2_lib.a(system_LPC13xx.o)
                              ./src/cr_startup_lpc13.o (SystemInit)
C:/Users/Natsuki/OneDrive/Documents/Atsumiken/BeautoBalancer/Balancer2_firm_Default/lib\libBalancer2_lib.a(uart.o)
                              ./src/main.o (UARTInit)
C:/Users/Natsuki/OneDrive/Documents/Atsumiken/BeautoBalancer/Balancer2_firm_Default/lib\libBalancer2_lib.a(util.o)
                              C:/Users/Natsuki/OneDrive/Documents/Atsumiken/BeautoBalancer/Balancer2_firm_Default/lib\libBalancer2_lib.a(current.o) (getCnt)
C:/Users/Natsuki/OneDrive/Documents/Atsumiken/BeautoBalancer/Balancer2_firm_Default/lib\libBalancer2_lib.a(vs-bb022.o)
                              C:/Users/Natsuki/OneDrive/Documents/Atsumiken/BeautoBalancer/Balancer2_firm_Default/lib\libBalancer2_lib.a(enc.o) (SystickSyncCnt)
C:/Users/Natsuki/OneDrive/Documents/Atsumiken/BeautoBalancer/Balancer2_firm_Default/lib\libBalancer2_lib.a(adc.o)
                              C:/Users/Natsuki/OneDrive/Documents/Atsumiken/BeautoBalancer/Balancer2_firm_Default/lib\libBalancer2_lib.a(vs-bb022.o) (ADCInit)
C:/Users/Natsuki/OneDrive/Documents/Atsumiken/BeautoBalancer/Balancer2_firm_Default/lib\libBalancer2_lib.a(flash.o)
                              C:/Users/Natsuki/OneDrive/Documents/Atsumiken/BeautoBalancer/Balancer2_firm_Default/lib\libBalancer2_lib.a(log.o) (srcbuf)
C:/Users/Natsuki/OneDrive/Documents/Atsumiken/BeautoBalancer/Balancer2_firm_Default/lib\libBalancer2_lib.a(mot.o)
                              C:/Users/Natsuki/OneDrive/Documents/Atsumiken/BeautoBalancer/Balancer2_firm_Default/lib\libBalancer2_lib.a(flash.o) (Constmemmap)
C:/Users/Natsuki/OneDrive/Documents/Atsumiken/BeautoBalancer/Balancer2_firm_Default/lib\libBalancer2_lib.a(pad.o)
                              C:/Users/Natsuki/OneDrive/Documents/Atsumiken/BeautoBalancer/Balancer2_firm_Default/lib\libBalancer2_lib.a(vs-bb022.o) (PADProc)
C:/Users/Natsuki/OneDrive/Documents/Atsumiken/BeautoBalancer/Balancer2_firm_Default/lib\libBalancer2_lib.a(usb_user.o)
                              C:/Users/Natsuki/OneDrive/Documents/Atsumiken/BeautoBalancer/Balancer2_firm_Default/lib\libBalancer2_lib.a(vs-bb022.o) (USBInit)
C:/Users/Natsuki/OneDrive/Documents/Atsumiken/BeautoBalancer/Balancer2_firm_Default/lib\libBalancer2_lib.a(usb_core.o)
                              C:/Users/Natsuki/OneDrive/Documents/Atsumiken/BeautoBalancer/Balancer2_firm_Default/lib\libBalancer2_lib.a(usb_user.o) (USB_ResetCore)
C:/Users/Natsuki/OneDrive/Documents/Atsumiken/BeautoBalancer/Balancer2_firm_Default/lib\libBalancer2_lib.a(usb_descriptors.o)
                              C:/Users/Natsuki/OneDrive/Documents/Atsumiken/BeautoBalancer/Balancer2_firm_Default/lib\libBalancer2_lib.a(usb_core.o) (USB_StringDescriptor)
C:/Users/Natsuki/OneDrive/Documents/Atsumiken/BeautoBalancer/Balancer2_firm_Default/lib\libBalancer2_lib.a(usb_hardware.o)
                              C:/Users/Natsuki/OneDrive/Documents/Atsumiken/BeautoBalancer/Balancer2_firm_Default/lib\libBalancer2_lib.a(usb_user.o) (USB_Connect)
C:/Users/Natsuki/OneDrive/Documents/Atsumiken/BeautoBalancer/Balancer2_firm_Default/lib\libBalancer2_lib.a(usb_hiduser.o)
                              C:/Users/Natsuki/OneDrive/Documents/Atsumiken/BeautoBalancer/Balancer2_firm_Default/lib\libBalancer2_lib.a(usb_core.o) (HID_GetIdle)
c:/nxp/lpcxpresso_7.5.0_254/lpcxpresso/tools/bin/../lib/gcc/arm-none-eabi/4.8.4/../../../../arm-none-eabi/lib/armv7-m\libcr_c.a(memset.o)
[...]
Memory Configuration

Name             Origin             Length             Attributes
MFlash32         0x00000000         0x00007000         xr
FlashMap         0x00007000         0x00001000         xr
RamLoc8          0x10000000         0x00002000         xrw
*default*        0x00000000         0xffffffff

Linker script and memory map

LOAD ./src/control.o
LOAD ./src/cr_startup_lpc13.o
LOAD ./src/main.o
LOAD C:/Users/Natsuki/OneDrive/Documents/Atsumiken/BeautoBalancer/Balancer2_firm_Default/lib\libBalancer2_lib.a
START GROUP
LOAD c:/nxp/lpcxpresso_7.5.0_254/lpcxpresso/tools/bin/../lib/gcc/arm-none-eabi/4.8.4/../../../../arm-none-eabi/lib/armv7-m\libcr_semihost.a
LOAD c:/nxp/lpcxpresso_7.5.0_254/lpcxpresso/tools/bin/../lib/gcc/arm-none-eabi/4.8.4/../../../../arm-none-eabi/lib/armv7-m\libcr_c.a
LOAD c:/nxp/lpcxpresso_7.5.0_254/lpcxpresso/tools/bin/../lib/gcc/arm-none-eabi/4.8.4/armv7-m\libcr_eabihelpers.a
END GROUP
                0x00007000                __top_MFlash32 = 0x7000
                0x00008000                __top_FlashMap = 0x8000
                0x10002000                __top_RamLoc8 = 0x10002000

.text           0x00000000     0x46d4
 *(.isr_vector)
 .isr_vector    0x00000000      0x124 ./src/cr_startup_lpc13.o
                0x00000000                g_pfnVectors
 *(.text*)
 .text.ClearVariables
                0x00000124       0x24 ./src/control.o
                0x00000124                ClearVariables
 .text.calibrarion
                0x00000148      0x100 ./src/control.o
                0x00000148                calibrarion
 .text.Control  0x00000248      0x338 ./src/control.o
                0x00000248                Control
 .text.VS_C3Control
                0x00000580       0x80 ./src/control.o
                0x00000580                VS_C3Control
 .text.isWhleeOverSpeed
                0x00000600       0xd8 ./src/control.o
                0x00000600                isWhleeOverSpeed
 .text.NMI_Handler
                0x000006d8        0x4 ./src/cr_startup_lpc13.o
                0x000006d8                NMI_Handler
 .text.HardFault_Handler
                0x000006dc        0x4 ./src/cr_startup_lpc13.o
                0x000006dc                HardFault_Handler
 .text.MemManage_Handler
                0x000006e0        0x4 ./src/cr_startup_lpc13.o
                0x000006e0                MemManage_Handler
 .text.BusFault_Handler
                0x000006e4        0x4 ./src/cr_startup_lpc13.o
                0x000006e4                BusFault_Handler
 .text.UsageFault_Handler
                0x000006e8        0x4 ./src/cr_startup_lpc13.o
                0x000006e8                UsageFault_Handler
 .text.SVCall_Handler
                0x000006ec        0x4 ./src/cr_startup_lpc13.o
                0x000006ec                SVCall_Handler
 .text.DebugMon_Handler
                0x000006f0        0x4 ./src/cr_startup_lpc13.o
                0x000006f0                DebugMon_Handler
 .text.PendSV_Handler
                0x000006f4        0x4 ./src/cr_startup_lpc13.o
                0x000006f4                PendSV_Handler
 .text.IntDefaultHandler
                0x000006f8        0x4 ./src/cr_startup_lpc13.o
                0x000006f8                TIMER16_0_IRQHandler
                0x000006f8                TIMER32_1_IRQHandler
                0x000006f8                PIOINT1_IRQHandler
                0x000006f8                SSP_IRQHandler
                0x000006f8                TIMER16_1_IRQHandler
                0x000006f8                USB_FIQHandler
                0x000006f8                PIOINT2_IRQHandler
                0x000006f8                BOD_IRQHandler
                0x000006f8                WAKEUP_IRQHandler
                0x000006f8                PIOINT0_IRQHandler
                0x000006f8                WDT_IRQHandler
                0x000006f8                PIOINT3_IRQHandler
                0x000006f8                FMC_IRQHandler
 .text.Reset_Handler
                0x000006fc       0x6c ./src/cr_startup_lpc13.o
                0x000006fc                ResetISR
                0x000006fc                Reset_Handler
 .text.LedBlink
                0x00000768       0x4c ./src/main.o
                0x00000768                LedBlink
 .text.main     0x000007b4      0x11c ./src/main.o
                0x000007b4                main
 .text.ClearCurrentVariables
                0x000008d0       0x64 C:/Users/Natsuki/OneDrive/Documents/Atsumiken/BeautoBalancer/Balancer2_firm_Default/lib\libBalancer2_lib.a(current.o)
                0x000008d0                ClearCurrentVariables
 .text.getCurrent
                0x00000934       0x6c C:/Users/Natsuki/OneDrive/Documents/Atsumiken/BeautoBalancer/Balancer2_firm_Default/lib\libBalancer2_lib.a(current.o)
                0x00000934                getCurrent
 .text.CurrentControlDisable
                0x000009a0       0x10 C:/Users/Natsuki/OneDrive/Documents/Atsumiken/BeautoBalancer/Balancer2_firm_Default/lib\libBalancer2_lib.a(current.o)
                0x000009a0                CurrentControlDisable
 .text.CurrentControlEnable
                0x000009b0       0x10 C:/Users/Natsuki/OneDrive/Documents/Atsumiken/BeautoBalancer/Balancer2_firm_Default/lib\libBalancer2_lib.a(current.o)
                0x000009b0                CurrentControlEnable
 .text.MTRCurrentControlProc
                0x000009c0      0x234 C:/Users/Natsuki/OneDrive/Documents/Atsumiken/BeautoBalancer/Balancer2_firm_Default/lib\libBalancer2_lib.a(current.o)
                0x000009c0                MTRCurrentControlProc
 .text.InitEncoder
                0x00000bf4       0x94 C:/Users/Natsuki/OneDrive/Documents/Atsumiken/BeautoBalancer/Balancer2_firm_Default/lib\libBalancer2_lib.a(enc.o)
                0x00000bf4                InitEncoder
 .text.ClearEncVariables
                0x00000c88       0x28 C:/Users/Natsuki/OneDrive/Documents/Atsumiken/BeautoBalancer/Balancer2_firm_Default/lib\libBalancer2_lib.a(enc.o)
                0x00000c88                ClearEncVariables
 .text.EncProc  0x00000cb0      0x188 C:/Users/Natsuki/OneDrive/Documents/Atsumiken/BeautoBalancer/Balancer2_firm_Default/lib\libBalancer2_lib.a(enc.o)
                0x00000cb0                EncProc
 .text.IntEncoder
                0x00000e38       0x90 C:/Users/Natsuki/OneDrive/Documents/Atsumiken/BeautoBalancer/Balancer2_firm_Default/lib\libBalancer2_lib.a(enc.o)
                0x00000e38                IntEncoder
 .text.SysTick_Handler
                0x00000ec8       0x44 C:/Users/Natsuki/OneDrive/Documents/Atsumiken/BeautoBalancer/Balancer2_firm_Default/lib\libBalancer2_lib.a(enc.o)
                0x00000ec8                SysTick_Handler
 .text.GPIOSetDir
                0x00000f0c       0xf0 C:/Users/Natsuki/OneDrive/Documents/Atsumiken/BeautoBalancer/Balancer2_firm_Default/lib\libBalancer2_lib.a(gpio.o)
                0x00000f0c                GPIOSetDir
 .text.GPIOSetValue
                0x00000ffc       0x60 C:/Users/Natsuki/OneDrive/Documents/Atsumiken/BeautoBalancer/Balancer2_firm_Default/lib\libBalancer2_lib.a(gpio.o)
                0x00000ffc                GPIOSetValue
 .text.GPIOGetValueBit
                0x0000105c       0x60 C:/Users/Natsuki/OneDrive/Documents/Atsumiken/BeautoBalancer/Balancer2_firm_Default/lib\libBalancer2_lib.a(gpio.o)
                0x0000105c                GPIOGetValueBit
 .text.ClearGyroVariables
                0x000010bc       0x1c C:/Users/Natsuki/OneDrive/Documents/Atsumiken/BeautoBalancer/Balancer2_firm_Default/lib\libBalancer2_lib.a(gyro.o)
                0x000010bc                ClearGyroVariables
 .text.SetI2CGain
                0x000010d8       0x70 C:/Users/Natsuki/OneDrive/Documents/Atsumiken/BeautoBalancer/Balancer2_firm_Default/lib\libBalancer2_lib.a(gyro.o)
                0x000010d8                SetI2CGain
 .text.getGyroI2C
                0x00001148       0x50 C:/Users/Natsuki/OneDrive/Documents/Atsumiken/BeautoBalancer/Balancer2_firm_Default/lib\libBalancer2_lib.a(gyro.o)
                0x00001148                getGyroI2C
 .text.GyroProc
                0x00001198       0xe8 C:/Users/Natsuki/OneDrive/Documents/Atsumiken/BeautoBalancer/Balancer2_firm_Default/lib\libBalancer2_lib.a(gyro.o)
                0x00001198                GyroProc
 .text.I2C_IRQHandler
                0x00001280      0x230 C:/Users/Natsuki/OneDrive/Documents/Atsumiken/BeautoBalancer/Balancer2_firm_Default/lib\libBalancer2_lib.a(i2c.o)
                0x00001280                I2C_IRQHandler
 .text.I2CStart
                0x000014b0       0x50 C:/Users/Natsuki/OneDrive/Documents/Atsumiken/BeautoBalancer/Balancer2_firm_Default/lib\libBalancer2_lib.a(i2c.o)
                0x000014b0                I2CStart
 .text.I2CStop  0x00001500       0x1c C:/Users/Natsuki/OneDrive/Documents/Atsumiken/BeautoBalancer/Balancer2_firm_Default/lib\libBalancer2_lib.a(i2c.o)
                0x00001500                I2CStop
 .text.I2CInit  0x0000151c       0x70 C:/Users/Natsuki/OneDrive/Documents/Atsumiken/BeautoBalancer/Balancer2_firm_Default/lib\libBalancer2_lib.a(i2c.o)
                0x0000151c                I2CInit
 .text.I2CEngine
                0x0000158c       0x34 C:/Users/Natsuki/OneDrive/Documents/Atsumiken/BeautoBalancer/Balancer2_firm_Default/lib\libBalancer2_lib.a(i2c.o)
                0x0000158c                I2CEngine
 .text.isLogEnable
                0x000015c0       0x10 C:/Users/Natsuki/OneDrive/Documents/Atsumiken/BeautoBalancer/Balancer2_firm_Default/lib\libBalancer2_lib.a(log.o)
                0x000015c0                isLogEnable
 .text.isLogRecoding
                0x000015d0       0x14 C:/Users/Natsuki/OneDrive/Documents/Atsumiken/BeautoBalancer/Balancer2_firm_Default/lib\libBalancer2_lib.a(log.o)
                0x000015d0                isLogRecoding
 .text.LogStart
                0x000015e4       0x14 C:/Users/Natsuki/OneDrive/Documents/Atsumiken/BeautoBalancer/Balancer2_firm_Default/lib\libBalancer2_lib.a(log.o)
                0x000015e4                LogStart
 .text.LogProc  0x000015f8      0x178 C:/Users/Natsuki/OneDrive/Documents/Atsumiken/BeautoBalancer/Balancer2_firm_Default/lib\libBalancer2_lib.a(log.o)
                0x000015f8                LogProc
 .text.SystemInit
                0x00001770       0xec C:/Users/Natsuki/OneDrive/Documents/Atsumiken/BeautoBalancer/Balancer2_firm_Default/lib\libBalancer2_lib.a(system_LPC13xx.o)
                0x00001770                SystemInit
 .text.UART_IRQHandler
                0x0000185c       0xd4 C:/Users/Natsuki/OneDrive/Documents/Atsumiken/BeautoBalancer/Balancer2_firm_Default/lib\libBalancer2_lib.a(uart.o)
                0x0000185c                UART_IRQHandler
 .text.UARTInit
                0x00001930       0xd8 C:/Users/Natsuki/OneDrive/Documents/Atsumiken/BeautoBalancer/Balancer2_firm_Default/lib\libBalancer2_lib.a(uart.o)
                0x00001930                UARTInit
 .text.getCnt   0x00001a08       0x10 C:/Users/Natsuki/OneDrive/Documents/Atsumiken/BeautoBalancer/Balancer2_firm_Default/lib\libBalancer2_lib.a(util.o)
                0x00001a08                getCnt
 .text.Sync     0x00001a18       0x30 C:/Users/Natsuki/OneDrive/Documents/Atsumiken/BeautoBalancer/Balancer2_firm_Default/lib\libBalancer2_lib.a(vs-bb022.o)
                0x00001a18                Sync
 .text.getSW    0x00001a48       0x14 C:/Users/Natsuki/OneDrive/Documents/Atsumiken/BeautoBalancer/Balancer2_firm_Default/lib\libBalancer2_lib.a(vs-bb022.o)
                0x00001a48                getSW
 .text.Wait     0x00001a5c       0x44 C:/Users/Natsuki/OneDrive/Documents/Atsumiken/BeautoBalancer/Balancer2_firm_Default/lib\libBalancer2_lib.a(vs-bb022.o)
                0x00001a5c                Wait
 .text.CycleProc
                0x00001aa0       0x4c C:/Users/Natsuki/OneDrive/Documents/Atsumiken/BeautoBalancer/Balancer2_firm_Default/lib\libBalancer2_lib.a(vs-bb022.o)
                0x00001aa0                CycleProc
 .text.setLED   0x00001aec       0x24 C:/Users/Natsuki/OneDrive/Documents/Atsumiken/BeautoBalancer/Balancer2_firm_Default/lib\libBalancer2_lib.a(vs-bb022.o)
                0x00001aec                setLED
 .text.InitMemmap
                0x00001b10      0x1b8 C:/Users/Natsuki/OneDrive/Documents/Atsumiken/BeautoBalancer/Balancer2_firm_Default/lib\libBalancer2_lib.a(vs-bb022.o)
                0x00001b10                InitMemmap
 .text.SetMotorPwm
                0x00001cc8      0x100 C:/Users/Natsuki/OneDrive/Documents/Atsumiken/BeautoBalancer/Balancer2_firm_Default/lib\libBalancer2_lib.a(vs-bb022.o)
                0x00001cc8                SetMotorPwm
 .text.Timer16Init
                0x00001dc8       0x7c C:/Users/Natsuki/OneDrive/Documents/Atsumiken/BeautoBalancer/Balancer2_firm_Default/lib\libBalancer2_lib.a(vs-bb022.o)
                0x00001dc8                Timer16Init
 .text.Timer32Init
                0x00001e44       0x3c C:/Users/Natsuki/OneDrive/Documents/Atsumiken/BeautoBalancer/Balancer2_firm_Default/lib\libBalancer2_lib.a(vs-bb022.o)
                0x00001e44                Timer32Init
 .text.TIMER32_0_IRQHandler
                0x00001e80       0x90 C:/Users/Natsuki/OneDrive/Documents/Atsumiken/BeautoBalancer/Balancer2_firm_Default/lib\libBalancer2_lib.a(vs-bb022.o)
                0x00001e80                TIMER32_0_IRQHandler
 .text.DisableIntterupt
                0x00001f10       0x3c C:/Users/Natsuki/OneDrive/Documents/Atsumiken/BeautoBalancer/Balancer2_firm_Default/lib\libBalancer2_lib.a(vs-bb022.o)
                0x00001f10                DisableIntterupt
 .text.Init     0x00001f4c      0x100 C:/Users/Natsuki/OneDrive/Documents/Atsumiken/BeautoBalancer/Balancer2_firm_Default/lib\libBalancer2_lib.a(vs-bb022.o)
                0x00001f4c                Init
 .text.Balancer2Init
                0x0000204c       0x20 C:/Users/Natsuki/OneDrive/Documents/Atsumiken/BeautoBalancer/Balancer2_firm_Default/lib\libBalancer2_lib.a(vs-bb022.o)
                0x0000204c                Balancer2Init
 .text.EnableIntterupt
                0x0000206c       0x20 C:/Users/Natsuki/OneDrive/Documents/Atsumiken/BeautoBalancer/Balancer2_firm_Default/lib\libBalancer2_lib.a(vs-bb022.o)
                0x0000206c                EnableIntterupt
 .text.ADCInit  0x0000208c       0xa0 C:/Users/Natsuki/OneDrive/Documents/Atsumiken/BeautoBalancer/Balancer2_firm_Default/lib\libBalancer2_lib.a(adc.o)
                0x0000208c                ADCInit
 .text.ADCRead  0x0000212c       0x24 C:/Users/Natsuki/OneDrive/Documents/Atsumiken/BeautoBalancer/Balancer2_firm_Default/lib\libBalancer2_lib.a(adc.o)
                0x0000212c                ADCRead
 .text.ADC_IRQHandler
                0x00002150      0x164 C:/Users/Natsuki/OneDrive/Documents/Atsumiken/BeautoBalancer/Balancer2_firm_Default/lib\libBalancer2_lib.a(adc.o)
                0x00002150                ADC_IRQHandler
 .text.call_IAP
                0x000022b4       0x2c C:/Users/Natsuki/OneDrive/Documents/Atsumiken/BeautoBalancer/Balancer2_firm_Default/lib\libBalancer2_lib.a(flash.o)
 .text.FLASH_ProgramPage
                0x000022e0       0x48 C:/Users/Natsuki/OneDrive/Documents/Atsumiken/BeautoBalancer/Balancer2_firm_Default/lib\libBalancer2_lib.a(flash.o)
                0x000022e0                FLASH_ProgramPage
 .text.FLASH_ErasePage
                0x00002328       0x30 C:/Users/Natsuki/OneDrive/Documents/Atsumiken/BeautoBalancer/Balancer2_firm_Default/lib\libBalancer2_lib.a(flash.o)
                0x00002328                FLASH_ErasePage
 .text.FLASH_WRITE_MEMMAP
                0x00002358       0x48 C:/Users/Natsuki/OneDrive/Documents/Atsumiken/BeautoBalancer/Balancer2_firm_Default/lib\libBalancer2_lib.a(flash.o)
                0x00002358                FLASH_WRITE_MEMMAP
 .text.FLASH_READ_MEMMAP
                0x000023a0       0x1c C:/Users/Natsuki/OneDrive/Documents/Atsumiken/BeautoBalancer/Balancer2_firm_Default/lib\libBalancer2_lib.a(flash.o)
                0x000023a0                FLASH_READ_MEMMAP
 .text.PadWait  0x000023bc       0x10 C:/Users/Natsuki/OneDrive/Documents/Atsumiken/BeautoBalancer/Balancer2_firm_Default/lib\libBalancer2_lib.a(pad.o)
                0x000023bc                PadWait
 .text.Ds2rw    0x000023cc       0x8c C:/Users/Natsuki/OneDrive/Documents/Atsumiken/BeautoBalancer/Balancer2_firm_Default/lib\libBalancer2_lib.a(pad.o)
                0x000023cc                Ds2rw
 .text.Ds2Com   0x00002458       0x44 C:/Users/Natsuki/OneDrive/Documents/Atsumiken/BeautoBalancer/Balancer2_firm_Default/lib\libBalancer2_lib.a(pad.o)
                0x00002458                Ds2Com
 .text.PS_Set_AN
                0x0000249c       0xa0 C:/Users/Natsuki/OneDrive/Documents/Atsumiken/BeautoBalancer/Balancer2_firm_Default/lib\libBalancer2_lib.a(pad.o)
                0x0000249c                PS_Set_AN
 .text.updatePAD
                0x0000253c       0xb8 C:/Users/Natsuki/OneDrive/Documents/Atsumiken/BeautoBalancer/Balancer2_firm_Default/lib\libBalancer2_lib.a(pad.o)
                0x0000253c                updatePAD
 .text.PADProc  0x000025f4        0x8 C:/Users/Natsuki/OneDrive/Documents/Atsumiken/BeautoBalancer/Balancer2_firm_Default/lib\libBalancer2_lib.a(pad.o)
                0x000025f4                PADProc
 .text.USBInit  0x000025fc       0x70 C:/Users/Natsuki/OneDrive/Documents/Atsumiken/BeautoBalancer/Balancer2_firm_Default/lib\libBalancer2_lib.a(usb_user.o)
                0x000025fc                USBInit
 .text.USB_Reset_Event
                0x0000266c        0x8 C:/Users/Natsuki/OneDrive/Documents/Atsumiken/BeautoBalancer/Balancer2_firm_Default/lib\libBalancer2_lib.a(usb_user.o)
                0x0000266c                USB_Reset_Event
 .text.SetUSBSendData
                0x00002674       0x40 C:/Users/Natsuki/OneDrive/Documents/Atsumiken/BeautoBalancer/Balancer2_firm_Default/lib\libBalancer2_lib.a(usb_user.o)
                0x00002674                SetUSBSendData
 .text.InUSBDataProcces
                0x000026b4      0x19c C:/Users/Natsuki/OneDrive/Documents/Atsumiken/BeautoBalancer/Balancer2_firm_Default/lib\libBalancer2_lib.a(usb_user.o)
                0x000026b4                InUSBDataProcces
 .text.USB_EndPoint1
                0x00002850       0x18 C:/Users/Natsuki/OneDrive/Documents/Atsumiken/BeautoBalancer/Balancer2_firm_Default/lib\libBalancer2_lib.a(usb_user.o)
                0x00002850                USB_EndPoint1
 .text.USB_ResetCore
                0x00002868       0x4c C:/Users/Natsuki/OneDrive/Documents/Atsumiken/BeautoBalancer/Balancer2_firm_Default/lib\libBalancer2_lib.a(usb_core.o)
                0x00002868                USB_ResetCore
 .text.USB_SetupStage
                0x000028b4       0x14 C:/Users/Natsuki/OneDrive/Documents/Atsumiken/BeautoBalancer/Balancer2_firm_Default/lib\libBalancer2_lib.a(usb_core.o)
                0x000028b4                USB_SetupStage
 .text.USB_DataInStage
                0x000028c8       0x58 C:/Users/Natsuki/OneDrive/Documents/Atsumiken/BeautoBalancer/Balancer2_firm_Default/lib\libBalancer2_lib.a(usb_core.o)
                0x000028c8                USB_DataInStage
 .text.USB_DataOutStage
                0x00002920       0x3c C:/Users/Natsuki/OneDrive/Documents/Atsumiken/BeautoBalancer/Balancer2_firm_Default/lib\libBalancer2_lib.a(usb_core.o)
                0x00002920                USB_DataOutStage
 .text.USB_StatusInStage
                0x0000295c       0x10 C:/Users/Natsuki/OneDrive/Documents/Atsumiken/BeautoBalancer/Balancer2_firm_Default/lib\libBalancer2_lib.a(usb_core.o)
                0x0000295c                USB_StatusInStage
 .text.USB_StatusOutStage
                0x0000296c       0x14 C:/Users/Natsuki/OneDrive/Documents/Atsumiken/BeautoBalancer/Balancer2_firm_Default/lib\libBalancer2_lib.a(usb_core.o)
                0x0000296c                USB_StatusOutStage
 .text.USB_ReqGetStatus
                0x00002980       0xf4 C:/Users/Natsuki/OneDrive/Documents/Atsumiken/BeautoBalancer/Balancer2_firm_Default/lib\libBalancer2_lib.a(usb_core.o)
                0x00002980                USB_ReqGetStatus
 .text.USB_ReqSetClrFeature
                0x00002a74      0x130 C:/Users/Natsuki/OneDrive/Documents/Atsumiken/BeautoBalancer/Balancer2_firm_Default/lib\libBalancer2_lib.a(usb_core.o)
                0x00002a74                USB_ReqSetClrFeature
 .text.USB_ReqSetAddress
                0x00002ba4       0x3c C:/Users/Natsuki/OneDrive/Documents/Atsumiken/BeautoBalancer/Balancer2_firm_Default/lib\libBalancer2_lib.a(usb_core.o)
                0x00002ba4                USB_ReqSetAddress
 .text.USB_ReqGetDescriptor
                0x00002be0      0x174 C:/Users/Natsuki/OneDrive/Documents/Atsumiken/BeautoBalancer/Balancer2_firm_Default/lib\libBalancer2_lib.a(usb_core.o)
                0x00002be0                USB_ReqGetDescriptor
 .text.USB_ReqGetConfiguration
                0x00002d54       0x38 C:/Users/Natsuki/OneDrive/Documents/Atsumiken/BeautoBalancer/Balancer2_firm_Default/lib\libBalancer2_lib.a(usb_core.o)
                0x00002d54                USB_ReqGetConfiguration
 .text.UsbAddPtr
                0x00002d8c       0x24 C:/Users/Natsuki/OneDrive/Documents/Atsumiken/BeautoBalancer/Balancer2_firm_Default/lib\libBalancer2_lib.a(usb_core.o)
                0x00002d8c                UsbAddPtr
 .text.USB_ReqSetConfiguration
                0x00002db0      0x254 C:/Users/Natsuki/OneDrive/Documents/Atsumiken/BeautoBalancer/Balancer2_firm_Default/lib\libBalancer2_lib.a(usb_core.o)
                0x00002db0                USB_ReqSetConfiguration
 .text.USB_ReqGetInterface
                0x00003004       0x68 C:/Users/Natsuki/OneDrive/Documents/Atsumiken/BeautoBalancer/Balancer2_firm_Default/lib\libBalancer2_lib.a(usb_core.o)
                0x00003004                USB_ReqGetInterface
 .text.USB_ReqSetInterface
                0x0000306c      0x1b8 C:/Users/Natsuki/OneDrive/Documents/Atsumiken/BeautoBalancer/Balancer2_firm_Default/lib\libBalancer2_lib.a(usb_core.o)
                0x0000306c                USB_ReqSetInterface
 .text.USB_EndPoint0
                0x00003224      0x32c C:/Users/Natsuki/OneDrive/Documents/Atsumiken/BeautoBalancer/Balancer2_firm_Default/lib\libBalancer2_lib.a(usb_core.o)
                0x00003224                USB_EndPoint0
 .text.delay    0x00003550       0x2c C:/Users/Natsuki/OneDrive/Documents/Atsumiken/BeautoBalancer/Balancer2_firm_Default/lib\libBalancer2_lib.a(usb_hardware.o)
                0x00003550                delay
 .text.EPAdr    0x0000357c       0x30 C:/Users/Natsuki/OneDrive/Documents/Atsumiken/BeautoBalancer/Balancer2_firm_Default/lib\libBalancer2_lib.a(usb_hardware.o)
                0x0000357c                EPAdr
 .text.WrCmd    0x000035ac       0x58 C:/Users/Natsuki/OneDrive/Documents/Atsumiken/BeautoBalancer/Balancer2_firm_Default/lib\libBalancer2_lib.a(usb_hardware.o)
                0x000035ac                WrCmd
 .text.WrCmdDat
                0x00003604       0x1c C:/Users/Natsuki/OneDrive/Documents/Atsumiken/BeautoBalancer/Balancer2_firm_Default/lib\libBalancer2_lib.a(usb_hardware.o)
                0x00003604                WrCmdDat
 .text.WrCmdEP  0x00003620       0x2c C:/Users/Natsuki/OneDrive/Documents/Atsumiken/BeautoBalancer/Balancer2_firm_Default/lib\libBalancer2_lib.a(usb_hardware.o)
                0x00003620                WrCmdEP
 .text.RdCmdDat
                0x0000364c       0x38 C:/Users/Natsuki/OneDrive/Documents/Atsumiken/BeautoBalancer/Balancer2_firm_Default/lib\libBalancer2_lib.a(usb_hardware.o)
                0x0000364c                RdCmdDat
 .text.USB_Connect
                0x00003684       0x5c C:/Users/Natsuki/OneDrive/Documents/Atsumiken/BeautoBalancer/Balancer2_firm_Default/lib\libBalancer2_lib.a(usb_hardware.o)
                0x00003684                USB_Connect
 .text.USB_Reset
                0x000036e0       0x24 C:/Users/Natsuki/OneDrive/Documents/Atsumiken/BeautoBalancer/Balancer2_firm_Default/lib\libBalancer2_lib.a(usb_hardware.o)
                0x000036e0                USB_Reset
 .text.USB_WakeUpCfg
                0x00003704       0x14 C:/Users/Natsuki/OneDrive/Documents/Atsumiken/BeautoBalancer/Balancer2_firm_Default/lib\libBalancer2_lib.a(usb_hardware.o)
                0x00003704                USB_WakeUpCfg
 .text.USB_SetAddress
                0x00003718       0x3c C:/Users/Natsuki/OneDrive/Documents/Atsumiken/BeautoBalancer/Balancer2_firm_Default/lib\libBalancer2_lib.a(usb_hardware.o)
                0x00003718                USB_SetAddress
 .text.USB_Configure
                0x00003754       0x30 C:/Users/Natsuki/OneDrive/Documents/Atsumiken/BeautoBalancer/Balancer2_firm_Default/lib\libBalancer2_lib.a(usb_hardware.o)
                0x00003754                USB_Configure
 .text.USB_ConfigEP
                0x00003784       0x14 C:/Users/Natsuki/OneDrive/Documents/Atsumiken/BeautoBalancer/Balancer2_firm_Default/lib\libBalancer2_lib.a(usb_hardware.o)
                0x00003784                USB_ConfigEP
 .text.USB_DirCtrlEP
                0x00003798       0x14 C:/Users/Natsuki/OneDrive/Documents/Atsumiken/BeautoBalancer/Balancer2_firm_Default/lib\libBalancer2_lib.a(usb_hardware.o)
                0x00003798                USB_DirCtrlEP
 .text.USB_EnableEP
                0x000037ac       0x2c C:/Users/Natsuki/OneDrive/Documents/Atsumiken/BeautoBalancer/Balancer2_firm_Default/lib\libBalancer2_lib.a(usb_hardware.o)
                0x000037ac                USB_EnableEP
 .text.USB_DisableEP
                0x000037d8       0x2c C:/Users/Natsuki/OneDrive/Documents/Atsumiken/BeautoBalancer/Balancer2_firm_Default/lib\libBalancer2_lib.a(usb_hardware.o)
                0x000037d8                USB_DisableEP
 .text.USB_ResetEP
                0x00003804       0x2c C:/Users/Natsuki/OneDrive/Documents/Atsumiken/BeautoBalancer/Balancer2_firm_Default/lib\libBalancer2_lib.a(usb_hardware.o)
                0x00003804                USB_ResetEP
 .text.USB_SetStallEP
                0x00003830       0x2c C:/Users/Natsuki/OneDrive/Documents/Atsumiken/BeautoBalancer/Balancer2_firm_Default/lib\libBalancer2_lib.a(usb_hardware.o)
                0x00003830                USB_SetStallEP
 .text.USB_ClrStallEP
                0x0000385c       0x2c C:/Users/Natsuki/OneDrive/Documents/Atsumiken/BeautoBalancer/Balancer2_firm_Default/lib\libBalancer2_lib.a(usb_hardware.o)
                0x0000385c                USB_ClrStallEP
 .text.USB_ReadEP
                0x00003888       0x80 C:/Users/Natsuki/OneDrive/Documents/Atsumiken/BeautoBalancer/Balancer2_firm_Default/lib\libBalancer2_lib.a(usb_hardware.o)
                0x00003888                USB_ReadEP
 .text.USB_WriteEP
                0x00003908       0xa8 C:/Users/Natsuki/OneDrive/Documents/Atsumiken/BeautoBalancer/Balancer2_firm_Default/lib\libBalancer2_lib.a(usb_hardware.o)
                0x00003908                USB_WriteEP
 .text.USB_IRQHandler
                0x000039b0      0x134 C:/Users/Natsuki/OneDrive/Documents/Atsumiken/BeautoBalancer/Balancer2_firm_Default/lib\libBalancer2_lib.a(usb_hardware.o)
                0x000039b0                USB_IRQHandler
 .text.HID_GetIdle
                0x00003ae4       0x2c C:/Users/Natsuki/OneDrive/Documents/Atsumiken/BeautoBalancer/Balancer2_firm_Default/lib\libBalancer2_lib.a(usb_hiduser.o)
                0x00003ae4                HID_GetIdle
 .text.HID_SetIdle
                0x00003b10       0x28 C:/Users/Natsuki/OneDrive/Documents/Atsumiken/BeautoBalancer/Balancer2_firm_Default/lib\libBalancer2_lib.a(usb_hiduser.o)
                0x00003b10                HID_SetIdle
 .text.HID_GetProtocol
                0x00003b38       0x20 C:/Users/Natsuki/OneDrive/Documents/Atsumiken/BeautoBalancer/Balancer2_firm_Default/lib\libBalancer2_lib.a(usb_hiduser.o)
                0x00003b38                HID_GetProtocol
 .text.HID_SetProtocol
                0x00003b58       0x24 C:/Users/Natsuki/OneDrive/Documents/Atsumiken/BeautoBalancer/Balancer2_firm_Default/lib\libBalancer2_lib.a(usb_hiduser.o)
                0x00003b58                HID_SetProtocol
 .text.memset   0x00003b7c        0x4 c:/nxp/lpcxpresso_7.5.0_254/lpcxpresso/tools/bin/../lib/gcc/arm-none-eabi/4.8.4/../../../../arm-none-eabi/lib/armv7-m\libcr_c.a(memset.o)
                0x00003b7c                memset
 .text.__aeabi_division_ldivmod
                0x00003b80       0x26 c:/nxp/lpcxpresso_7.5.0_254/lpcxpresso/tools/bin/../lib/gcc/arm-none-eabi/4.8.4/armv7-m\libcr_eabihelpers.a(division_64.o)
                0x00003b80                __aeabi_ldivmod
 .text.__aeabi_division_uldivmod
                0x00003ba6      0x188 c:/nxp/lpcxpresso_7.5.0_254/lpcxpresso/tools/bin/../lib/gcc/arm-none-eabi/4.8.4/armv7-m\libcr_eabihelpers.a(division_64.o)
                0x00003ba6                __aeabi_uldivmod
                0x00003baa                __bhs_ldivmod1
 .text.__aeabi_division_idiv0
                0x00003d2e        0x2 c:/nxp/lpcxpresso_7.5.0_254/lpcxpresso/tools/bin/../lib/gcc/arm-none-eabi/4.8.4/armv7-m\libcr_eabihelpers.a(division_idiv0.o)
                0x00003d2e                __aeabi_idiv0
 .text.__aeabi_dmul
                0x00003d30      0x12c c:/nxp/lpcxpresso_7.5.0_254/lpcxpresso/tools/bin/../lib/gcc/arm-none-eabi/4.8.4/armv7-m\libcr_eabihelpers.a(double.o)
                0x00003d30                __aeabi_dmul
 .text.__aeabi_ddiv
                0x00003e5c      0x16c c:/nxp/lpcxpresso_7.5.0_254/lpcxpresso/tools/bin/../lib/gcc/arm-none-eabi/4.8.4/armv7-m\libcr_eabihelpers.a(double.o)
                0x00003e5c                __aeabi_ddiv
 .text.__aeabi_dsub
                0x00003fc8      0x228 c:/nxp/lpcxpresso_7.5.0_254/lpcxpresso/tools/bin/../lib/gcc/arm-none-eabi/4.8.4/armv7-m\libcr_eabihelpers.a(double.o)
                0x00003fc8                __aeabi_dsub
 .text.__aeabi_dadd
                0x000041f0      0x178 c:/nxp/lpcxpresso_7.5.0_254/lpcxpresso/tools/bin/../lib/gcc/arm-none-eabi/4.8.4/armv7-m\libcr_eabihelpers.a(double.o)
                0x000041f0                __aeabi_dadd
 .text.__aeabi_d2iz
                0x00004368       0x4c c:/nxp/lpcxpresso_7.5.0_254/lpcxpresso/tools/bin/../lib/gcc/arm-none-eabi/4.8.4/armv7-m\libcr_eabihelpers.a(double.o)
                0x00004368                __aeabi_d2iz
 .text.__bhs_ui2d
                0x000043b4       0x48 c:/nxp/lpcxpresso_7.5.0_254/lpcxpresso/tools/bin/../lib/gcc/arm-none-eabi/4.8.4/armv7-m\libcr_eabihelpers.a(double.o)
                0x000043b4                __bhs_ui2d
 .text.__bhs_ul2d
                0x000043fc       0x90 c:/nxp/lpcxpresso_7.5.0_254/lpcxpresso/tools/bin/../lib/gcc/arm-none-eabi/4.8.4/armv7-m\libcr_eabihelpers.a(double.o)
                0x000043fc                __bhs_ul2d
 .text.__aeabi_i2d
                0x0000448c       0x10 c:/nxp/lpcxpresso_7.5.0_254/lpcxpresso/tools/bin/../lib/gcc/arm-none-eabi/4.8.4/armv7-m\libcr_eabihelpers.a(double.o)
                0x0000448c                __aeabi_i2d
 .text.__aeabi_ui2d
                0x0000449c        0x8 c:/nxp/lpcxpresso_7.5.0_254/lpcxpresso/tools/bin/../lib/gcc/arm-none-eabi/4.8.4/armv7-m\libcr_eabihelpers.a(double.o)
                0x0000449c                __aeabi_ui2d
 .text.__aeabi_l2d
                0x000044a4       0x24 c:/nxp/lpcxpresso_7.5.0_254/lpcxpresso/tools/bin/../lib/gcc/arm-none-eabi/4.8.4/armv7-m\libcr_eabihelpers.a(double.o)
                0x000044a4                __aeabi_l2d
 .text.__aeabi_dcmplt
                0x000044c8       0x70 c:/nxp/lpcxpresso_7.5.0_254/lpcxpresso/tools/bin/../lib/gcc/arm-none-eabi/4.8.4/armv7-m\libcr_eabihelpers.a(double.o)
                0x000044c8                __aeabi_dcmplt
 .text.__aeabi_dcmpgt
                0x00004538       0x6c c:/nxp/lpcxpresso_7.5.0_254/lpcxpresso/tools/bin/../lib/gcc/arm-none-eabi/4.8.4/armv7-m\libcr_eabihelpers.a(double.o)
                0x00004538                __aeabi_dcmpgt
 .text.__aeabi_memset_lowlevel
                0x000045a4       0x38 c:/nxp/lpcxpresso_7.5.0_254/lpcxpresso/tools/bin/../lib/gcc/arm-none-eabi/4.8.4/armv7-m\libcr_eabihelpers.a(memcpy.o)
                0x000045a4                __aeabi_lowlevel_memset
 *(.rodata*)
 .rodata        0x000045dc       0x10 C:/Users/Natsuki/OneDrive/Documents/Atsumiken/BeautoBalancer/Balancer2_firm_Default/lib\libBalancer2_lib.a(enc.o)
                0x000045dc                enctbl
 .rodata        0x000045ec       0x3c C:/Users/Natsuki/OneDrive/Documents/Atsumiken/BeautoBalancer/Balancer2_firm_Default/lib\libBalancer2_lib.a(pad.o)
 .rodata        0x00004628       0x14 C:/Users/Natsuki/OneDrive/Documents/Atsumiken/BeautoBalancer/Balancer2_firm_Default/lib\libBalancer2_lib.a(usb_user.o)
                0x00004628                USB_P_EP
 .rodata        0x0000463c       0x98 C:/Users/Natsuki/OneDrive/Documents/Atsumiken/BeautoBalancer/Balancer2_firm_Default/lib\libBalancer2_lib.a(usb_descriptors.o)
                0x0000463c                USB_StringDescriptor
                0x00004674                USB_ConfigDescriptor
                0x000046a0                USB_DeviceDescriptor
                0x000046b2                HID_ReportDescSize
                0x000046b4                HID_ReportDescriptor

.glue_7         0x000046d4        0x0
 .glue_7        0x00000000        0x0 linker stubs

.glue_7t        0x000046d4        0x0
 .glue_7t       0x00000000        0x0 linker stubs

.vfp11_veneer   0x000046d4        0x0
 .vfp11_veneer  0x00000000        0x0 linker stubs

.v4_bx          0x000046d4        0x0
 .v4_bx         0x00000000        0x0 linker stubs

.iplt           0x000046d4        0x0
 .iplt          0x00000000        0x0 ./src/control.o

.ARM.extab
 *(.ARM.extab* .gnu.linkonce.armextab.*)
                0x000046d4                __exidx_start = .

.ARM.exidx
 *(.ARM.exidx* .gnu.linkonce.armexidx.*)
                0x000046d4                __exidx_end = .
                0x000046d4                _etext = .

.cmap           0x00007000      0x160
 *(.Const_Map*)
 .Const_Map     0x00007000      0x160 C:/Users/Natsuki/OneDrive/Documents/Atsumiken/BeautoBalancer/Balancer2_firm_Default/lib\libBalancer2_lib.a(mot.o)
                0x00007000                Constmemmap

.rel.dyn        0x00007160        0x0
 .rel.iplt      0x00000000        0x0 ./src/control.o

.data           0x10000000       0x10 load address 0x000046d4
                0x10000000                _data = .
 *(vtable)
 *(.data*)
 .data          0x10000000        0x4 C:/Users/Natsuki/OneDrive/Documents/Atsumiken/BeautoBalancer/Balancer2_firm_Default/lib\libBalancer2_lib.a(log.o)
                0x10000000                databuffer
 .data          0x10000004        0x4 C:/Users/Natsuki/OneDrive/Documents/Atsumiken/BeautoBalancer/Balancer2_firm_Default/lib\libBalancer2_lib.a(system_LPC13xx.o)
                0x10000004                SystemCoreClock
 .data          0x10000008        0x1 C:/Users/Natsuki/OneDrive/Documents/Atsumiken/BeautoBalancer/Balancer2_firm_Default/lib\libBalancer2_lib.a(uart.o)
                0x10000008                UARTTxEmpty
 *fill*         0x10000009        0x3 
 .data          0x1000000c        0x4 C:/Users/Natsuki/OneDrive/Documents/Atsumiken/BeautoBalancer/Balancer2_firm_Default/lib\libBalancer2_lib.a(flash.o)
                0x1000000c                iap_entry
                0x10000010                _edata = .

.igot.plt       0x10000010        0x0 load address 0x000046e4
 .igot.plt      0x00000000        0x0 ./src/control.o

.bss            0x10000010     0x14ee load address 0x000046e4
                0x10000010                _bss = .
 *(.bss*)
 .bss           0x10000010       0x40 ./src/control.o
                0x10000038                cnt1
 .bss           0x10000050        0x4 ./src/main.o
 .bss           0x10000054        0x2 C:/Users/Natsuki/OneDrive/Documents/Atsumiken/BeautoBalancer/Balancer2_firm_Default/lib\libBalancer2_lib.a(current.o)
                0x10000054                current_cnt
 .bss           0x10000056        0x4 C:/Users/Natsuki/OneDrive/Documents/Atsumiken/BeautoBalancer/Balancer2_firm_Default/lib\libBalancer2_lib.a(enc.o)
                0x10000056                enc_cnt
 *fill*         0x1000005a        0x6 
 .bss           0x10000060       0x18 C:/Users/Natsuki/OneDrive/Documents/Atsumiken/BeautoBalancer/Balancer2_firm_Default/lib\libBalancer2_lib.a(gyro.o)
                0x10000060                i2cgain
                0x10000068                gyro_old_p
                0x10000070                gyro_old_AngureSpd
 .bss           0x10000078       0x14 C:/Users/Natsuki/OneDrive/Documents/Atsumiken/BeautoBalancer/Balancer2_firm_Default/lib\libBalancer2_lib.a(i2c.o)
                0x10000078                WrIndex
                0x1000007c                I2CMasterState
                0x10000080                RdIndex
                0x10000084                I2CCount
                0x10000088                I2CSlaveState
 .bss           0x1000008c        0x8 C:/Users/Natsuki/OneDrive/Documents/Atsumiken/BeautoBalancer/Balancer2_firm_Default/lib\libBalancer2_lib.a(log.o)
                0x1000008c                logmode
                0x10000090                logtimer
 .bss           0x10000094        0xc C:/Users/Natsuki/OneDrive/Documents/Atsumiken/BeautoBalancer/Balancer2_firm_Default/lib\libBalancer2_lib.a(uart.o)
                0x10000094                UARTWriteCount
                0x10000098                UARTReadCount
                0x1000009c                UARTBuffCount
 .bss           0x100000a0        0x2 C:/Users/Natsuki/OneDrive/Documents/Atsumiken/BeautoBalancer/Balancer2_firm_Default/lib\libBalancer2_lib.a(vs-bb022.o)
                0x100000a1                EncFlag
 *fill*         0x100000a2        0x2 
 .bss           0x100000a4        0x4 C:/Users/Natsuki/OneDrive/Documents/Atsumiken/BeautoBalancer/Balancer2_firm_Default/lib\libBalancer2_lib.a(adc.o)
                0x100000a4                ADCIntDone
 .bss           0x100000a8        0x1 C:/Users/Natsuki/OneDrive/Documents/Atsumiken/BeautoBalancer/Balancer2_firm_Default/lib\libBalancer2_lib.a(pad.o)
 *fill*         0x100000a9        0x3 
 .bss           0x100000ac        0x4 C:/Users/Natsuki/OneDrive/Documents/Atsumiken/BeautoBalancer/Balancer2_firm_Default/lib\libBalancer2_lib.a(usb_hardware.o)
                0x100000ac                systicktemp
 *(COMMON)
 COMMON         0x100000b0      0x168 ./src/control.o
                0x100000b0                memmap
 COMMON         0x10000218      0x112 C:/Users/Natsuki/OneDrive/Documents/Atsumiken/BeautoBalancer/Balancer2_firm_Default/lib\libBalancer2_lib.a(current.o)
                0x10000218                CurrentValue
                0x10000288                USB_InPutData
                0x100002c8                current_old_p
                0x100002d8                current_i
                0x100002e8                USB_OutPutData
                0x10000328                bSendUSBdata
                0x10000329                isUSB_data_sending
 *fill*         0x1000032a        0x6 
 COMMON         0x10000330       0x60 C:/Users/Natsuki/OneDrive/Documents/Atsumiken/BeautoBalancer/Balancer2_firm_Default/lib\libBalancer2_lib.a(enc.o)
                0x10000330                newL
                0x10000338                newR
                0x10000340                ENCSPDValue
 COMMON         0x10000390       0x28 C:/Users/Natsuki/OneDrive/Documents/Atsumiken/BeautoBalancer/Balancer2_firm_Default/lib\libBalancer2_lib.a(i2c.o)
                0x10000390                I2CReadLength
                0x10000394                I2CSlaveBuffer
                0x100003a0                StatValue
                0x100003a4                I2CMode
                0x100003a8                I2CMasterBuffer
                0x100003b4                I2CWriteLength
 COMMON         0x100003b8       0x44 C:/Users/Natsuki/OneDrive/Documents/Atsumiken/BeautoBalancer/Balancer2_firm_Default/lib\libBalancer2_lib.a(uart.o)
                0x100003b8                UARTBuffer
                0x100003f8                UARTStatus
 *fill*         0x100003fc        0x4 
 COMMON         0x10000400       0x40 C:/Users/Natsuki/OneDrive/Documents/Atsumiken/BeautoBalancer/Balancer2_firm_Default/lib\libBalancer2_lib.a(vs-bb022.o)
                0x10000400                intteruptflag
                0x10000420                iBuzzerPitch
                0x10000424                bBuzzerFlag
                0x10000428                SystickModeCnt
                0x10000430                SystickWaitCnt
                0x10000438                SystickSyncCnt
 COMMON         0x10000440       0x20 C:/Users/Natsuki/OneDrive/Documents/Atsumiken/BeautoBalancer/Balancer2_firm_Default/lib\libBalancer2_lib.a(adc.o)
                0x10000440                ADCValue
 COMMON         0x10000460     0x1024 C:/Users/Natsuki/OneDrive/Documents/Atsumiken/BeautoBalancer/Balancer2_firm_Default/lib\libBalancer2_lib.a(flash.o)
                0x10000460                command
                0x10000474                srcbuf
                0x10001474                result
 *fill*         0x10001484        0x4 
 COMMON         0x10001488       0x72 C:/Users/Natsuki/OneDrive/Documents/Atsumiken/BeautoBalancer/Balancer2_firm_Default/lib\libBalancer2_lib.a(usb_core.o)
                0x10001488                USB_AltSetting
                0x10001490                EP0Buf
                0x100014d0                USB_EndPointMask
                0x100014d4                USB_DeviceAddress
                0x100014d8                USB_EndPointStall
                0x100014dc                USB_EndPointHalt
                0x100014e0                USB_Configuration
                0x100014e4                SetupPacket
                0x100014ec                USB_NumInterfaces
                0x100014f0                EP0Data
                0x100014f8                USB_DeviceStatus
 *fill*         0x100014fa        0x2 
 COMMON         0x100014fc        0x2 C:/Users/Natsuki/OneDrive/Documents/Atsumiken/BeautoBalancer/Balancer2_firm_Default/lib\libBalancer2_lib.a(usb_hiduser.o)
                0x100014fc                HID_IdleTime
                0x100014fd                HID_Protocol
                0x100014fe                _ebss = .

.cr_heap        0x100014fe        0x0 load address 0x000046e4
                0x100014fe                end = .
                0x100014fe                _pvHeapStart = .
                0x10002000                _vRamTop = __top_RamLoc8
                0x10002000                _vStackTop = (_vRamTop - 0x0)
OUTPUT(Balancer2_firm_Default.axf elf32-littlearm)

.debug_info     0x00000000     0xe21e
 .debug_info    0x00000000      0x752 ./src/control.o
 .debug_info    0x00000752      0x1ed ./src/cr_startup_lpc13.o
 .debug_info    0x0000093f      0x915 ./src/main.o
 .debug_info    0x00001254      0x76a C:/Users/Natsuki/OneDrive/Documents/Atsumiken/BeautoBalancer/Balancer2_firm_Default/lib\libBalancer2_lib.a(current.o)
 .debug_info    0x000019be      0xcd9 C:/Users/Natsuki/OneDrive/Documents/Atsumiken/BeautoBalancer/Balancer2_firm_Default/lib\libBalancer2_lib.a(enc.o)
 .debug_info    0x00002697      0xb5a C:/Users/Natsuki/OneDrive/Documents/Atsumiken/BeautoBalancer/Balancer2_firm_Default/lib\libBalancer2_lib.a(gpio.o)
 .debug_info    0x000031f1      0x651 C:/Users/Natsuki/OneDrive/Documents/Atsumiken/BeautoBalancer/Balancer2_firm_Default/lib\libBalancer2_lib.a(gyro.o)
 .debug_info    0x00003842      0xbe4 C:/Users/Natsuki/OneDrive/Documents/Atsumiken/BeautoBalancer/Balancer2_firm_Default/lib\libBalancer2_lib.a(i2c.o)
 .debug_info    0x00004426      0x69e C:/Users/Natsuki/OneDrive/Documents/Atsumiken/BeautoBalancer/Balancer2_firm_Default/lib\libBalancer2_lib.a(log.o)
 .debug_info    0x00004ac4      0x4be C:/Users/Natsuki/OneDrive/Documents/Atsumiken/BeautoBalancer/Balancer2_firm_Default/lib\libBalancer2_lib.a(system_LPC13xx.o)
 .debug_info    0x00004f82     0x11da C:/Users/Natsuki/OneDrive/Documents/Atsumiken/BeautoBalancer/Balancer2_firm_Default/lib\libBalancer2_lib.a(uart.o)
 .debug_info    0x0000615c      0x545 C:/Users/Natsuki/OneDrive/Documents/Atsumiken/BeautoBalancer/Balancer2_firm_Default/lib\libBalancer2_lib.a(util.o)
 .debug_info    0x000066a1     0x1859 C:/Users/Natsuki/OneDrive/Documents/Atsumiken/BeautoBalancer/Balancer2_firm_Default/lib\libBalancer2_lib.a(vs-bb022.o)
 .debug_info    0x00007efa      0xfda C:/Users/Natsuki/OneDrive/Documents/Atsumiken/BeautoBalancer/Balancer2_firm_Default/lib\libBalancer2_lib.a(adc.o)
 .debug_info    0x00008ed4      0x8cb C:/Users/Natsuki/OneDrive/Documents/Atsumiken/BeautoBalancer/Balancer2_firm_Default/lib\libBalancer2_lib.a(flash.o)
 .debug_info    0x0000979f      0x4bb C:/Users/Natsuki/OneDrive/Documents/Atsumiken/BeautoBalancer/Balancer2_firm_Default/lib\libBalancer2_lib.a(mot.o)
 .debug_info    0x00009c5a      0xb0c C:/Users/Natsuki/OneDrive/Documents/Atsumiken/BeautoBalancer/Balancer2_firm_Default/lib\libBalancer2_lib.a(pad.o)
 .debug_info    0x0000a766     0x1302 C:/Users/Natsuki/OneDrive/Documents/Atsumiken/BeautoBalancer/Balancer2_firm_Default/lib\libBalancer2_lib.a(usb_user.o)
 .debug_info    0x0000ba68      0xc93 C:/Users/Natsuki/OneDrive/Documents/Atsumiken/BeautoBalancer/Balancer2_firm_Default/lib\libBalancer2_lib.a(usb_core.o)
 .debug_info    0x0000c6fb      0x5bd C:/Users/Natsuki/OneDrive/Documents/Atsumiken/BeautoBalancer/Balancer2_firm_Default/lib\libBalancer2_lib.a(usb_descriptors.o)
 .debug_info    0x0000ccb8      0xe91 C:/Users/Natsuki/OneDrive/Documents/Atsumiken/BeautoBalancer/Balancer2_firm_Default/lib\libBalancer2_lib.a(usb_hardware.o)
 .debug_info    0x0000db49      0x6d5 C:/Users/Natsuki/OneDrive/Documents/Atsumiken/BeautoBalancer/Balancer2_firm_Default/lib\libBalancer2_lib.a(usb_hiduser.o)

.debug_abbrev   0x00000000     0x2dad
 .debug_abbrev  0x00000000      0x1ec ./src/control.o
 .debug_abbrev  0x000001ec       0xf7 ./src/cr_startup_lpc13.o
 .debug_abbrev  0x000002e3      0x214 ./src/main.o
 .debug_abbrev  0x000004f7      0x1e1 C:/Users/Natsuki/OneDrive/Documents/Atsumiken/BeautoBalancer/Balancer2_firm_Default/lib\libBalancer2_lib.a(current.o)
 .debug_abbrev  0x000006d8      0x2e6 C:/Users/Natsuki/OneDrive/Documents/Atsumiken/BeautoBalancer/Balancer2_firm_Default/lib\libBalancer2_lib.a(enc.o)
 .debug_abbrev  0x000009be      0x232 C:/Users/Natsuki/OneDrive/Documents/Atsumiken/BeautoBalancer/Balancer2_firm_Default/lib\libBalancer2_lib.a(gpio.o)
 .debug_abbrev  0x00000bf0      0x1a6 C:/Users/Natsuki/OneDrive/Documents/Atsumiken/BeautoBalancer/Balancer2_firm_Default/lib\libBalancer2_lib.a(gyro.o)
 .debug_abbrev  0x00000d96      0x1f1 C:/Users/Natsuki/OneDrive/Documents/Atsumiken/BeautoBalancer/Balancer2_firm_Default/lib\libBalancer2_lib.a(i2c.o)
 .debug_abbrev  0x00000f87      0x1b3 C:/Users/Natsuki/OneDrive/Documents/Atsumiken/BeautoBalancer/Balancer2_firm_Default/lib\libBalancer2_lib.a(log.o)
 .debug_abbrev  0x0000113a       0xf8 C:/Users/Natsuki/OneDrive/Documents/Atsumiken/BeautoBalancer/Balancer2_firm_Default/lib\libBalancer2_lib.a(system_LPC13xx.o)
 .debug_abbrev  0x00001232      0x285 C:/Users/Natsuki/OneDrive/Documents/Atsumiken/BeautoBalancer/Balancer2_firm_Default/lib\libBalancer2_lib.a(uart.o)
 .debug_abbrev  0x000014b7      0x1f5 C:/Users/Natsuki/OneDrive/Documents/Atsumiken/BeautoBalancer/Balancer2_firm_Default/lib\libBalancer2_lib.a(util.o)
 .debug_abbrev  0x000016ac      0x46c C:/Users/Natsuki/OneDrive/Documents/Atsumiken/BeautoBalancer/Balancer2_firm_Default/lib\libBalancer2_lib.a(vs-bb022.o)
 .debug_abbrev  0x00001b18      0x228 C:/Users/Natsuki/OneDrive/Documents/Atsumiken/BeautoBalancer/Balancer2_firm_Default/lib\libBalancer2_lib.a(adc.o)
 .debug_abbrev  0x00001d40      0x247 C:/Users/Natsuki/OneDrive/Documents/Atsumiken/BeautoBalancer/Balancer2_firm_Default/lib\libBalancer2_lib.a(flash.o)
 .debug_abbrev  0x00001f87       0xc7 C:/Users/Natsuki/OneDrive/Documents/Atsumiken/BeautoBalancer/Balancer2_firm_Default/lib\libBalancer2_lib.a(mot.o)
 .debug_abbrev  0x0000204e      0x228 C:/Users/Natsuki/OneDrive/Documents/Atsumiken/BeautoBalancer/Balancer2_firm_Default/lib\libBalancer2_lib.a(pad.o)
 .debug_abbrev  0x00002276      0x2f1 C:/Users/Natsuki/OneDrive/Documents/Atsumiken/BeautoBalancer/Balancer2_firm_Default/lib\libBalancer2_lib.a(usb_user.o)
 .debug_abbrev  0x00002567      0x2de C:/Users/Natsuki/OneDrive/Documents/Atsumiken/BeautoBalancer/Balancer2_firm_Default/lib\libBalancer2_lib.a(usb_core.o)
 .debug_abbrev  0x00002845       0xd4 C:/Users/Natsuki/OneDrive/Documents/Atsumiken/BeautoBalancer/Balancer2_firm_Default/lib\libBalancer2_lib.a(usb_descriptors.o)
 .debug_abbrev  0x00002919      0x318 C:/Users/Natsuki/OneDrive/Documents/Atsumiken/BeautoBalancer/Balancer2_firm_Default/lib\libBalancer2_lib.a(usb_hardware.o)
 .debug_abbrev  0x00002c31      0x17c C:/Users/Natsuki/OneDrive/Documents/Atsumiken/BeautoBalancer/Balancer2_firm_Default/lib\libBalancer2_lib.a(usb_hiduser.o)

.debug_loc      0x00000000     0x32ce
 .debug_loc     0x00000000      0x13f ./src/control.o
 .debug_loc     0x0000013f       0x22 ./src/cr_startup_lpc13.o
 .debug_loc     0x00000161       0xa2 ./src/main.o
 .debug_loc     0x00000203      0x17b C:/Users/Natsuki/OneDrive/Documents/Atsumiken/BeautoBalancer/Balancer2_firm_Default/lib\libBalancer2_lib.a(current.o)
 .debug_loc     0x0000037e      0x11e C:/Users/Natsuki/OneDrive/Documents/Atsumiken/BeautoBalancer/Balancer2_firm_Default/lib\libBalancer2_lib.a(enc.o)
 .debug_loc     0x0000049c      0xabb C:/Users/Natsuki/OneDrive/Documents/Atsumiken/BeautoBalancer/Balancer2_firm_Default/lib\libBalancer2_lib.a(gpio.o)
 .debug_loc     0x00000f57       0x81 C:/Users/Natsuki/OneDrive/Documents/Atsumiken/BeautoBalancer/Balancer2_firm_Default/lib\libBalancer2_lib.a(gyro.o)
 .debug_loc     0x00000fd8       0x40 C:/Users/Natsuki/OneDrive/Documents/Atsumiken/BeautoBalancer/Balancer2_firm_Default/lib\libBalancer2_lib.a(i2c.o)
 .debug_loc     0x00001018      0x150 C:/Users/Natsuki/OneDrive/Documents/Atsumiken/BeautoBalancer/Balancer2_firm_Default/lib\libBalancer2_lib.a(log.o)
 .debug_loc     0x00001168      0x1cd C:/Users/Natsuki/OneDrive/Documents/Atsumiken/BeautoBalancer/Balancer2_firm_Default/lib\libBalancer2_lib.a(system_LPC13xx.o)
 .debug_loc     0x00001335      0x214 C:/Users/Natsuki/OneDrive/Documents/Atsumiken/BeautoBalancer/Balancer2_firm_Default/lib\libBalancer2_lib.a(uart.o)
 .debug_loc     0x00001549      0x782 C:/Users/Natsuki/OneDrive/Documents/Atsumiken/BeautoBalancer/Balancer2_firm_Default/lib\libBalancer2_lib.a(util.o)
 .debug_loc     0x00001ccb      0x255 C:/Users/Natsuki/OneDrive/Documents/Atsumiken/BeautoBalancer/Balancer2_firm_Default/lib\libBalancer2_lib.a(vs-bb022.o)
 .debug_loc     0x00001f20      0x13c C:/Users/Natsuki/OneDrive/Documents/Atsumiken/BeautoBalancer/Balancer2_firm_Default/lib\libBalancer2_lib.a(adc.o)
 .debug_loc     0x0000205c      0x284 C:/Users/Natsuki/OneDrive/Documents/Atsumiken/BeautoBalancer/Balancer2_firm_Default/lib\libBalancer2_lib.a(flash.o)
 .debug_loc     0x000022e0      0x1a7 C:/Users/Natsuki/OneDrive/Documents/Atsumiken/BeautoBalancer/Balancer2_firm_Default/lib\libBalancer2_lib.a(pad.o)
 .debug_loc     0x00002487      0x293 C:/Users/Natsuki/OneDrive/Documents/Atsumiken/BeautoBalancer/Balancer2_firm_Default/lib\libBalancer2_lib.a(usb_user.o)
 .debug_loc     0x0000271a      0x5a3 C:/Users/Natsuki/OneDrive/Documents/Atsumiken/BeautoBalancer/Balancer2_firm_Default/lib\libBalancer2_lib.a(usb_core.o)
 .debug_loc     0x00002cbd      0x611 C:/Users/Natsuki/OneDrive/Documents/Atsumiken/BeautoBalancer/Balancer2_firm_Default/lib\libBalancer2_lib.a(usb_hardware.o)

.debug_aranges  0x00000000      0x738
 .debug_aranges
                0x00000000       0x48 ./src/control.o
 .debug_aranges
                0x00000048       0x70 ./src/cr_startup_lpc13.o
 .debug_aranges
                0x000000b8       0x28 ./src/main.o
 .debug_aranges
                0x000000e0       0x40 C:/Users/Natsuki/OneDrive/Documents/Atsumiken/BeautoBalancer/Balancer2_firm_Default/lib\libBalancer2_lib.a(current.o)
 .debug_aranges
                0x00000120       0x40 C:/Users/Natsuki/OneDrive/Documents/Atsumiken/BeautoBalancer/Balancer2_firm_Default/lib\libBalancer2_lib.a(enc.o)
 .debug_aranges
                0x00000160       0x68 C:/Users/Natsuki/OneDrive/Documents/Atsumiken/BeautoBalancer/Balancer2_firm_Default/lib\libBalancer2_lib.a(gpio.o)
 .debug_aranges
                0x000001c8       0x38 C:/Users/Natsuki/OneDrive/Documents/Atsumiken/BeautoBalancer/Balancer2_firm_Default/lib\libBalancer2_lib.a(gyro.o)
 .debug_aranges
                0x00000200       0x40 C:/Users/Natsuki/OneDrive/Documents/Atsumiken/BeautoBalancer/Balancer2_firm_Default/lib\libBalancer2_lib.a(i2c.o)
 .debug_aranges
                0x00000240       0x60 C:/Users/Natsuki/OneDrive/Documents/Atsumiken/BeautoBalancer/Balancer2_firm_Default/lib\libBalancer2_lib.a(log.o)
 .debug_aranges
                0x000002a0       0x28 C:/Users/Natsuki/OneDrive/Documents/Atsumiken/BeautoBalancer/Balancer2_firm_Default/lib\libBalancer2_lib.a(system_LPC13xx.o)
 .debug_aranges
                0x000002c8       0x48 C:/Users/Natsuki/OneDrive/Documents/Atsumiken/BeautoBalancer/Balancer2_firm_Default/lib\libBalancer2_lib.a(uart.o)
 .debug_aranges
                0x00000310       0x78 C:/Users/Natsuki/OneDrive/Documents/Atsumiken/BeautoBalancer/Balancer2_firm_Default/lib\libBalancer2_lib.a(util.o)
 .debug_aranges
                0x00000388       0xb0 C:/Users/Natsuki/OneDrive/Documents/Atsumiken/BeautoBalancer/Balancer2_firm_Default/lib\libBalancer2_lib.a(vs-bb022.o)
 .debug_aranges
                0x00000438       0x38 C:/Users/Natsuki/OneDrive/Documents/Atsumiken/BeautoBalancer/Balancer2_firm_Default/lib\libBalancer2_lib.a(adc.o)
 .debug_aranges
                0x00000470       0x48 C:/Users/Natsuki/OneDrive/Documents/Atsumiken/BeautoBalancer/Balancer2_firm_Default/lib\libBalancer2_lib.a(flash.o)
 .debug_aranges
                0x000004b8       0x18 C:/Users/Natsuki/OneDrive/Documents/Atsumiken/BeautoBalancer/Balancer2_firm_Default/lib\libBalancer2_lib.a(mot.o)
 .debug_aranges
                0x000004d0       0x48 C:/Users/Natsuki/OneDrive/Documents/Atsumiken/BeautoBalancer/Balancer2_firm_Default/lib\libBalancer2_lib.a(pad.o)
 .debug_aranges
                0x00000518       0x50 C:/Users/Natsuki/OneDrive/Documents/Atsumiken/BeautoBalancer/Balancer2_firm_Default/lib\libBalancer2_lib.a(usb_user.o)
 .debug_aranges
                0x00000568       0x98 C:/Users/Natsuki/OneDrive/Documents/Atsumiken/BeautoBalancer/Balancer2_firm_Default/lib\libBalancer2_lib.a(usb_core.o)
 .debug_aranges
                0x00000600       0x18 C:/Users/Natsuki/OneDrive/Documents/Atsumiken/BeautoBalancer/Balancer2_firm_Default/lib\libBalancer2_lib.a(usb_descriptors.o)
 .debug_aranges
                0x00000618       0xe8 C:/Users/Natsuki/OneDrive/Documents/Atsumiken/BeautoBalancer/Balancer2_firm_Default/lib\libBalancer2_lib.a(usb_hardware.o)
 .debug_aranges
                0x00000700       0x38 C:/Users/Natsuki/OneDrive/Documents/Atsumiken/BeautoBalancer/Balancer2_firm_Default/lib\libBalancer2_lib.a(usb_hiduser.o)

.debug_ranges   0x00000000      0x5f8
 .debug_ranges  0x00000000       0x38 ./src/control.o
 .debug_ranges  0x00000038       0x60 ./src/cr_startup_lpc13.o
 .debug_ranges  0x00000098       0x30 ./src/main.o
 .debug_ranges  0x000000c8       0x30 C:/Users/Natsuki/OneDrive/Documents/Atsumiken/BeautoBalancer/Balancer2_firm_Default/lib\libBalancer2_lib.a(current.o)
 .debug_ranges  0x000000f8       0x30 C:/Users/Natsuki/OneDrive/Documents/Atsumiken/BeautoBalancer/Balancer2_firm_Default/lib\libBalancer2_lib.a(enc.o)
 .debug_ranges  0x00000128       0x58 C:/Users/Natsuki/OneDrive/Documents/Atsumiken/BeautoBalancer/Balancer2_firm_Default/lib\libBalancer2_lib.a(gpio.o)
 .debug_ranges  0x00000180       0x28 C:/Users/Natsuki/OneDrive/Documents/Atsumiken/BeautoBalancer/Balancer2_firm_Default/lib\libBalancer2_lib.a(gyro.o)
 .debug_ranges  0x000001a8       0x30 C:/Users/Natsuki/OneDrive/Documents/Atsumiken/BeautoBalancer/Balancer2_firm_Default/lib\libBalancer2_lib.a(i2c.o)
 .debug_ranges  0x000001d8       0x50 C:/Users/Natsuki/OneDrive/Documents/Atsumiken/BeautoBalancer/Balancer2_firm_Default/lib\libBalancer2_lib.a(log.o)
 .debug_ranges  0x00000228       0x18 C:/Users/Natsuki/OneDrive/Documents/Atsumiken/BeautoBalancer/Balancer2_firm_Default/lib\libBalancer2_lib.a(system_LPC13xx.o)
 .debug_ranges  0x00000240       0x38 C:/Users/Natsuki/OneDrive/Documents/Atsumiken/BeautoBalancer/Balancer2_firm_Default/lib\libBalancer2_lib.a(uart.o)
 .debug_ranges  0x00000278       0x80 C:/Users/Natsuki/OneDrive/Documents/Atsumiken/BeautoBalancer/Balancer2_firm_Default/lib\libBalancer2_lib.a(util.o)
 .debug_ranges  0x000002f8       0xa0 C:/Users/Natsuki/OneDrive/Documents/Atsumiken/BeautoBalancer/Balancer2_firm_Default/lib\libBalancer2_lib.a(vs-bb022.o)
 .debug_ranges  0x00000398       0x28 C:/Users/Natsuki/OneDrive/Documents/Atsumiken/BeautoBalancer/Balancer2_firm_Default/lib\libBalancer2_lib.a(adc.o)
 .debug_ranges  0x000003c0       0x38 C:/Users/Natsuki/OneDrive/Documents/Atsumiken/BeautoBalancer/Balancer2_firm_Default/lib\libBalancer2_lib.a(flash.o)
 .debug_ranges  0x000003f8       0x38 C:/Users/Natsuki/OneDrive/Documents/Atsumiken/BeautoBalancer/Balancer2_firm_Default/lib\libBalancer2_lib.a(pad.o)
 .debug_ranges  0x00000430       0x40 C:/Users/Natsuki/OneDrive/Documents/Atsumiken/BeautoBalancer/Balancer2_firm_Default/lib\libBalancer2_lib.a(usb_user.o)
 .debug_ranges  0x00000470       0x88 C:/Users/Natsuki/OneDrive/Documents/Atsumiken/BeautoBalancer/Balancer2_firm_Default/lib\libBalancer2_lib.a(usb_core.o)
 .debug_ranges  0x000004f8       0xd8 C:/Users/Natsuki/OneDrive/Documents/Atsumiken/BeautoBalancer/Balancer2_firm_Default/lib\libBalancer2_lib.a(usb_hardware.o)
 .debug_ranges  0x000005d0       0x28 C:/Users/Natsuki/OneDrive/Documents/Atsumiken/BeautoBalancer/Balancer2_firm_Default/lib\libBalancer2_lib.a(usb_hiduser.o)

.debug_line     0x00000000     0x2ee1
 .debug_line    0x00000000      0x1b1 ./src/control.o
 .debug_line    0x000001b1      0x163 ./src/cr_startup_lpc13.o
 .debug_line    0x00000314      0x1e3 ./src/main.o
 .debug_line    0x000004f7      0x1e3 C:/Users/Natsuki/OneDrive/Documents/Atsumiken/BeautoBalancer/Balancer2_firm_Default/lib\libBalancer2_lib.a(current.o)
 .debug_line    0x000006da      0x21d C:/Users/Natsuki/OneDrive/Documents/Atsumiken/BeautoBalancer/Balancer2_firm_Default/lib\libBalancer2_lib.a(enc.o)
 .debug_line    0x000008f7      0x23c C:/Users/Natsuki/OneDrive/Documents/Atsumiken/BeautoBalancer/Balancer2_firm_Default/lib\libBalancer2_lib.a(gpio.o)
 .debug_line    0x00000b33      0x19f C:/Users/Natsuki/OneDrive/Documents/Atsumiken/BeautoBalancer/Balancer2_firm_Default/lib\libBalancer2_lib.a(gyro.o)
 .debug_line    0x00000cd2      0x196 C:/Users/Natsuki/OneDrive/Documents/Atsumiken/BeautoBalancer/Balancer2_firm_Default/lib\libBalancer2_lib.a(i2c.o)
 .debug_line    0x00000e68      0x21b C:/Users/Natsuki/OneDrive/Documents/Atsumiken/BeautoBalancer/Balancer2_firm_Default/lib\libBalancer2_lib.a(log.o)
 .debug_line    0x00001083      0x18c C:/Users/Natsuki/OneDrive/Documents/Atsumiken/BeautoBalancer/Balancer2_firm_Default/lib\libBalancer2_lib.a(system_LPC13xx.o)
 .debug_line    0x0000120f      0x22e C:/Users/Natsuki/OneDrive/Documents/Atsumiken/BeautoBalancer/Balancer2_firm_Default/lib\libBalancer2_lib.a(uart.o)
 .debug_line    0x0000143d      0x204 C:/Users/Natsuki/OneDrive/Documents/Atsumiken/BeautoBalancer/Balancer2_firm_Default/lib\libBalancer2_lib.a(util.o)
 .debug_line    0x00001641      0x416 C:/Users/Natsuki/OneDrive/Documents/Atsumiken/BeautoBalancer/Balancer2_firm_Default/lib\libBalancer2_lib.a(vs-bb022.o)
 .debug_line    0x00001a57      0x1e6 C:/Users/Natsuki/OneDrive/Documents/Atsumiken/BeautoBalancer/Balancer2_firm_Default/lib\libBalancer2_lib.a(adc.o)
 .debug_line    0x00001c3d      0x195 C:/Users/Natsuki/OneDrive/Documents/Atsumiken/BeautoBalancer/Balancer2_firm_Default/lib\libBalancer2_lib.a(flash.o)
 .debug_line    0x00001dd2       0x93 C:/Users/Natsuki/OneDrive/Documents/Atsumiken/BeautoBalancer/Balancer2_firm_Default/lib\libBalancer2_lib.a(mot.o)
 .debug_line    0x00001e65      0x209 C:/Users/Natsuki/OneDrive/Documents/Atsumiken/BeautoBalancer/Balancer2_firm_Default/lib\libBalancer2_lib.a(pad.o)
 .debug_line    0x0000206e      0x2e8 C:/Users/Natsuki/OneDrive/Documents/Atsumiken/BeautoBalancer/Balancer2_firm_Default/lib\libBalancer2_lib.a(usb_user.o)
 .debug_line    0x00002356      0x477 C:/Users/Natsuki/OneDrive/Documents/Atsumiken/BeautoBalancer/Balancer2_firm_Default/lib\libBalancer2_lib.a(usb_core.o)
 .debug_line    0x000027cd      0x13c C:/Users/Natsuki/OneDrive/Documents/Atsumiken/BeautoBalancer/Balancer2_firm_Default/lib\libBalancer2_lib.a(usb_descriptors.o)
 .debug_line    0x00002909      0x43e C:/Users/Natsuki/OneDrive/Documents/Atsumiken/BeautoBalancer/Balancer2_firm_Default/lib\libBalancer2_lib.a(usb_hardware.o)
 .debug_line    0x00002d47      0x19a C:/Users/Natsuki/OneDrive/Documents/Atsumiken/BeautoBalancer/Balancer2_firm_Default/lib\libBalancer2_lib.a(usb_hiduser.o)

.debug_str      0x00000000     0x23c4
 .debug_str     0x00000000      0x5e7 ./src/control.o
                                0x65d (size before relaxing)
 .debug_str     0x000005e7      0x114 ./src/cr_startup_lpc13.o
                                0x2a9 (size before relaxing)
 .debug_str     0x000006fb      0x130 ./src/main.o
                                0x6a5 (size before relaxing)
 .debug_str     0x0000082b      0x1c1 C:/Users/Natsuki/OneDrive/Documents/Atsumiken/BeautoBalancer/Balancer2_firm_Default/lib\libBalancer2_lib.a(current.o)
                                0x622 (size before relaxing)
 .debug_str     0x000009ec      0x54c C:/Users/Natsuki/OneDrive/Documents/Atsumiken/BeautoBalancer/Balancer2_firm_Default/lib\libBalancer2_lib.a(enc.o)
                                0xad2 (size before relaxing)
 .debug_str     0x00000f38      0x35e C:/Users/Natsuki/OneDrive/Documents/Atsumiken/BeautoBalancer/Balancer2_firm_Default/lib\libBalancer2_lib.a(gpio.o)
                                0x916 (size before relaxing)
 .debug_str     0x00001296       0x99 C:/Users/Natsuki/OneDrive/Documents/Atsumiken/BeautoBalancer/Balancer2_firm_Default/lib\libBalancer2_lib.a(gyro.o)
                                0x5ef (size before relaxing)
 .debug_str     0x0000132f      0x27f C:/Users/Natsuki/OneDrive/Documents/Atsumiken/BeautoBalancer/Balancer2_firm_Default/lib\libBalancer2_lib.a(i2c.o)
                                0xaf1 (size before relaxing)
 .debug_str     0x000015ae       0xa4 C:/Users/Natsuki/OneDrive/Documents/Atsumiken/BeautoBalancer/Balancer2_firm_Default/lib\libBalancer2_lib.a(log.o)
                                0x5da (size before relaxing)
 .debug_str     0x00001652       0x36 C:/Users/Natsuki/OneDrive/Documents/Atsumiken/BeautoBalancer/Balancer2_firm_Default/lib\libBalancer2_lib.a(system_LPC13xx.o)
                                0x495 (size before relaxing)
 .debug_str     0x00001688      0x121 C:/Users/Natsuki/OneDrive/Documents/Atsumiken/BeautoBalancer/Balancer2_firm_Default/lib\libBalancer2_lib.a(uart.o)
                                0xeb2 (size before relaxing)
 .debug_str     0x000017a9       0xe3 C:/Users/Natsuki/OneDrive/Documents/Atsumiken/BeautoBalancer/Balancer2_firm_Default/lib\libBalancer2_lib.a(util.o)
                                0x262 (size before relaxing)
 .debug_str     0x0000188c      0x188 C:/Users/Natsuki/OneDrive/Documents/Atsumiken/BeautoBalancer/Balancer2_firm_Default/lib\libBalancer2_lib.a(vs-bb022.o)
                               0x10df (size before relaxing)
 .debug_str     0x00001a14       0x52 C:/Users/Natsuki/OneDrive/Documents/Atsumiken/BeautoBalancer/Balancer2_firm_Default/lib\libBalancer2_lib.a(adc.o)
                                0xdf1 (size before relaxing)
 .debug_str     0x00001a66       0xb5 C:/Users/Natsuki/OneDrive/Documents/Atsumiken/BeautoBalancer/Balancer2_firm_Default/lib\libBalancer2_lib.a(flash.o)
                                0x5dd (size before relaxing)
 .debug_str     0x00001b1b        0xd C:/Users/Natsuki/OneDrive/Documents/Atsumiken/BeautoBalancer/Balancer2_firm_Default/lib\libBalancer2_lib.a(mot.o)
                                0x504 (size before relaxing)
 .debug_str     0x00001b28      0x147 C:/Users/Natsuki/OneDrive/Documents/Atsumiken/BeautoBalancer/Balancer2_firm_Default/lib\libBalancer2_lib.a(pad.o)
                                0x6bf (size before relaxing)
 .debug_str     0x00001c6f       0xd6 C:/Users/Natsuki/OneDrive/Documents/Atsumiken/BeautoBalancer/Balancer2_firm_Default/lib\libBalancer2_lib.a(usb_user.o)
                                0xf06 (size before relaxing)
 .debug_str     0x00001d45      0x50c C:/Users/Natsuki/OneDrive/Documents/Atsumiken/BeautoBalancer/Balancer2_firm_Default/lib\libBalancer2_lib.a(usb_core.o)
                                0x776 (size before relaxing)
 .debug_str     0x00002251       0x19 C:/Users/Natsuki/OneDrive/Documents/Atsumiken/BeautoBalancer/Balancer2_firm_Default/lib\libBalancer2_lib.a(usb_descriptors.o)
                                0x5b9 (size before relaxing)
 .debug_str     0x0000226a      0x12b C:/Users/Natsuki/OneDrive/Documents/Atsumiken/BeautoBalancer/Balancer2_firm_Default/lib\libBalancer2_lib.a(usb_hardware.o)
                                0x7b3 (size before relaxing)
 .debug_str     0x00002395       0x2f C:/Users/Natsuki/OneDrive/Documents/Atsumiken/BeautoBalancer/Balancer2_firm_Default/lib\libBalancer2_lib.a(usb_hiduser.o)
                                0x640 (size before relaxing)

.comment        0x00000000       0xe0
 .comment       0x00000000       0x70 ./src/control.o
                                 0x71 (size before relaxing)
 .comment       0x00000000       0x71 ./src/cr_startup_lpc13.o
 .comment       0x00000000       0x71 ./src/main.o
 .comment       0x00000070       0x70 C:/Users/Natsuki/OneDrive/Documents/Atsumiken/BeautoBalancer/Balancer2_firm_Default/lib\libBalancer2_lib.a(current.o)
                                 0x71 (size before relaxing)
 .comment       0x00000000       0x71 C:/Users/Natsuki/OneDrive/Documents/Atsumiken/BeautoBalancer/Balancer2_firm_Default/lib\libBalancer2_lib.a(enc.o)
 .comment       0x00000000       0x71 C:/Users/Natsuki/OneDrive/Documents/Atsumiken/BeautoBalancer/Balancer2_firm_Default/lib\libBalancer2_lib.a(gpio.o)
 .comment       0x00000000       0x71 C:/Users/Natsuki/OneDrive/Documents/Atsumiken/BeautoBalancer/Balancer2_firm_Default/lib\libBalancer2_lib.a(gyro.o)
 .comment       0x00000000       0x71 C:/Users/Natsuki/OneDrive/Documents/Atsumiken/BeautoBalancer/Balancer2_firm_Default/lib\libBalancer2_lib.a(i2c.o)
 .comment       0x00000000       0x71 C:/Users/Natsuki/OneDrive/Documents/Atsumiken/BeautoBalancer/Balancer2_firm_Default/lib\libBalancer2_lib.a(log.o)
 .comment       0x00000000       0x71 C:/Users/Natsuki/OneDrive/Documents/Atsumiken/BeautoBalancer/Balancer2_firm_Default/lib\libBalancer2_lib.a(system_LPC13xx.o)
 .comment       0x00000000       0x71 C:/Users/Natsuki/OneDrive/Documents/Atsumiken/BeautoBalancer/Balancer2_firm_Default/lib\libBalancer2_lib.a(uart.o)
 .comment       0x00000000       0x71 C:/Users/Natsuki/OneDrive/Documents/Atsumiken/BeautoBalancer/Balancer2_firm_Default/lib\libBalancer2_lib.a(util.o)
 .comment       0x00000000       0x71 C:/Users/Natsuki/OneDrive/Documents/Atsumiken/BeautoBalancer/Balancer2_firm_Default/lib\libBalancer2_lib.a(vs-bb022.o)
 .comment       0x00000000       0x71 C:/Users/Natsuki/OneDrive/Documents/Atsumiken/BeautoBalancer/Balancer2_firm_Default/lib\libBalancer2_lib.a(adc.o)
 .comment       0x00000000       0x71 C:/Users/Natsuki/OneDrive/Documents/Atsumiken/BeautoBalancer/Balancer2_firm_Default/lib\libBalancer2_lib.a(flash.o)
 .comment       0x00000000       0x71 C:/Users/Natsuki/OneDrive/Documents/Atsumiken/BeautoBalancer/Balancer2_firm_Default/lib\libBalancer2_lib.a(mot.o)
 .comment       0x00000000       0x71 C:/Users/Natsuki/OneDrive/Documents/Atsumiken/BeautoBalancer/Balancer2_firm_Default/lib\libBalancer2_lib.a(pad.o)
 .comment       0x00000000       0x71 C:/Users/Natsuki/OneDrive/Documents/Atsumiken/BeautoBalancer/Balancer2_firm_Default/lib\libBalancer2_lib.a(usb_user.o)
 .comment       0x00000000       0x71 C:/Users/Natsuki/OneDrive/Documents/Atsumiken/BeautoBalancer/Balancer2_firm_Default/lib\libBalancer2_lib.a(usb_core.o)
 .comment       0x00000000       0x71 C:/Users/Natsuki/OneDrive/Documents/Atsumiken/BeautoBalancer/Balancer2_firm_Default/lib\libBalancer2_lib.a(usb_descriptors.o)
 .comment       0x00000000       0x71 C:/Users/Natsuki/OneDrive/Documents/Atsumiken/BeautoBalancer/Balancer2_firm_Default/lib\libBalancer2_lib.a(usb_hardware.o)
 .comment       0x00000000       0x71 C:/Users/Natsuki/OneDrive/Documents/Atsumiken/BeautoBalancer/Balancer2_firm_Default/lib\libBalancer2_lib.a(usb_hiduser.o)
 .comment       0x00000000       0x71 c:/nxp/lpcxpresso_7.5.0_254/lpcxpresso/tools/bin/../lib/gcc/arm-none-eabi/4.8.4/../../../../arm-none-eabi/lib/armv7-m\libcr_c.a(memset.o)
 .comment       0x00000000       0x71 c:/nxp/lpcxpresso_7.5.0_254/lpcxpresso/tools/bin/../lib/gcc/arm-none-eabi/4.8.4/armv7-m\libcr_eabihelpers.a(double.o)

.ARM.attributes
                0x00000000       0x31
 .ARM.attributes
                0x00000000       0x33 ./src/control.o
 .ARM.attributes
                0x00000033       0x33 ./src/cr_startup_lpc13.o
 .ARM.attributes
                0x00000066       0x33 ./src/main.o
 .ARM.attributes
                0x00000099       0x33 C:/Users/Natsuki/OneDrive/Documents/Atsumiken/BeautoBalancer/Balancer2_firm_Default/lib\libBalancer2_lib.a(current.o)
 .ARM.attributes
                0x000000cc       0x33 C:/Users/Natsuki/OneDrive/Documents/Atsumiken/BeautoBalancer/Balancer2_firm_Default/lib\libBalancer2_lib.a(enc.o)
 .ARM.attributes
                0x000000ff       0x33 C:/Users/Natsuki/OneDrive/Documents/Atsumiken/BeautoBalancer/Balancer2_firm_Default/lib\libBalancer2_lib.a(gpio.o)
 .ARM.attributes
                0x00000132       0x33 C:/Users/Natsuki/OneDrive/Documents/Atsumiken/BeautoBalancer/Balancer2_firm_Default/lib\libBalancer2_lib.a(gyro.o)
 .ARM.attributes
                0x00000165       0x33 C:/Users/Natsuki/OneDrive/Documents/Atsumiken/BeautoBalancer/Balancer2_firm_Default/lib\libBalancer2_lib.a(i2c.o)
 .ARM.attributes
                0x00000198       0x33 C:/Users/Natsuki/OneDrive/Documents/Atsumiken/BeautoBalancer/Balancer2_firm_Default/lib\libBalancer2_lib.a(log.o)
 .ARM.attributes
                0x000001cb       0x33 C:/Users/Natsuki/OneDrive/Documents/Atsumiken/BeautoBalancer/Balancer2_firm_Default/lib\libBalancer2_lib.a(system_LPC13xx.o)
 .ARM.attributes
                0x000001fe       0x33 C:/Users/Natsuki/OneDrive/Documents/Atsumiken/BeautoBalancer/Balancer2_firm_Default/lib\libBalancer2_lib.a(uart.o)
 .ARM.attributes
                0x00000231       0x33 C:/Users/Natsuki/OneDrive/Documents/Atsumiken/BeautoBalancer/Balancer2_firm_Default/lib\libBalancer2_lib.a(util.o)
 .ARM.attributes
                0x00000264       0x33 C:/Users/Natsuki/OneDrive/Documents/Atsumiken/BeautoBalancer/Balancer2_firm_Default/lib\libBalancer2_lib.a(vs-bb022.o)
 .ARM.attributes
                0x00000297       0x33 C:/Users/Natsuki/OneDrive/Documents/Atsumiken/BeautoBalancer/Balancer2_firm_Default/lib\libBalancer2_lib.a(adc.o)
 .ARM.attributes
                0x000002ca       0x33 C:/Users/Natsuki/OneDrive/Documents/Atsumiken/BeautoBalancer/Balancer2_firm_Default/lib\libBalancer2_lib.a(flash.o)
 .ARM.attributes
                0x000002fd       0x33 C:/Users/Natsuki/OneDrive/Documents/Atsumiken/BeautoBalancer/Balancer2_firm_Default/lib\libBalancer2_lib.a(mot.o)
 .ARM.attributes
                0x00000330       0x33 C:/Users/Natsuki/OneDrive/Documents/Atsumiken/BeautoBalancer/Balancer2_firm_Default/lib\libBalancer2_lib.a(pad.o)
 .ARM.attributes
                0x00000363       0x33 C:/Users/Natsuki/OneDrive/Documents/Atsumiken/BeautoBalancer/Balancer2_firm_Default/lib\libBalancer2_lib.a(usb_user.o)
 .ARM.attributes
                0x00000396       0x33 C:/Users/Natsuki/OneDrive/Documents/Atsumiken/BeautoBalancer/Balancer2_firm_Default/lib\libBalancer2_lib.a(usb_core.o)
 .ARM.attributes
                0x000003c9       0x33 C:/Users/Natsuki/OneDrive/Documents/Atsumiken/BeautoBalancer/Balancer2_firm_Default/lib\libBalancer2_lib.a(usb_descriptors.o)
 .ARM.attributes
                0x000003fc       0x33 C:/Users/Natsuki/OneDrive/Documents/Atsumiken/BeautoBalancer/Balancer2_firm_Default/lib\libBalancer2_lib.a(usb_hardware.o)
 .ARM.attributes
                0x0000042f       0x33 C:/Users/Natsuki/OneDrive/Documents/Atsumiken/BeautoBalancer/Balancer2_firm_Default/lib\libBalancer2_lib.a(usb_hiduser.o)
 .ARM.attributes
                0x00000462       0x33 c:/nxp/lpcxpresso_7.5.0_254/lpcxpresso/tools/bin/../lib/gcc/arm-none-eabi/4.8.4/../../../../arm-none-eabi/lib/armv7-m\libcr_c.a(memset.o)
 .ARM.attributes
                0x00000495       0x21 c:/nxp/lpcxpresso_7.5.0_254/lpcxpresso/tools/bin/../lib/gcc/arm-none-eabi/4.8.4/armv7-m\libcr_eabihelpers.a(division_64.o)
 .ARM.attributes
                0x000004b6       0x21 c:/nxp/lpcxpresso_7.5.0_254/lpcxpresso/tools/bin/../lib/gcc/arm-none-eabi/4.8.4/armv7-m\libcr_eabihelpers.a(division_idiv0.o)
 .ARM.attributes
                0x000004d7       0x33 c:/nxp/lpcxpresso_7.5.0_254/lpcxpresso/tools/bin/../lib/gcc/arm-none-eabi/4.8.4/armv7-m\libcr_eabihelpers.a(double.o)
 .ARM.attributes
                0x0000050a       0x21 c:/nxp/lpcxpresso_7.5.0_254/lpcxpresso/tools/bin/../lib/gcc/arm-none-eabi/4.8.4/armv7-m\libcr_eabihelpers.a(memcpy.o)

.debug_frame    0x00000000     0x1100
 .debug_frame   0x00000000       0xd0 ./src/control.o
 .debug_frame   0x000000d0       0xc8 ./src/cr_startup_lpc13.o
 .debug_frame   0x00000198       0x4c ./src/main.o
 .debug_frame   0x000001e4       0x94 C:/Users/Natsuki/OneDrive/Documents/Atsumiken/BeautoBalancer/Balancer2_firm_Default/lib\libBalancer2_lib.a(current.o)
 .debug_frame   0x00000278       0x90 C:/Users/Natsuki/OneDrive/Documents/Atsumiken/BeautoBalancer/Balancer2_firm_Default/lib\libBalancer2_lib.a(enc.o)
 .debug_frame   0x00000308       0xd4 C:/Users/Natsuki/OneDrive/Documents/Atsumiken/BeautoBalancer/Balancer2_firm_Default/lib\libBalancer2_lib.a(gpio.o)
 .debug_frame   0x000003dc       0x78 C:/Users/Natsuki/OneDrive/Documents/Atsumiken/BeautoBalancer/Balancer2_firm_Default/lib\libBalancer2_lib.a(gyro.o)
 .debug_frame   0x00000454       0x74 C:/Users/Natsuki/OneDrive/Documents/Atsumiken/BeautoBalancer/Balancer2_firm_Default/lib\libBalancer2_lib.a(i2c.o)
 .debug_frame   0x000004c8       0xc0 C:/Users/Natsuki/OneDrive/Documents/Atsumiken/BeautoBalancer/Balancer2_firm_Default/lib\libBalancer2_lib.a(log.o)
 .debug_frame   0x00000588       0x30 C:/Users/Natsuki/OneDrive/Documents/Atsumiken/BeautoBalancer/Balancer2_firm_Default/lib\libBalancer2_lib.a(system_LPC13xx.o)
 .debug_frame   0x000005b8       0x88 C:/Users/Natsuki/OneDrive/Documents/Atsumiken/BeautoBalancer/Balancer2_firm_Default/lib\libBalancer2_lib.a(uart.o)
 .debug_frame   0x00000640      0x144 C:/Users/Natsuki/OneDrive/Documents/Atsumiken/BeautoBalancer/Balancer2_firm_Default/lib\libBalancer2_lib.a(util.o)
 .debug_frame   0x00000784      0x1b4 C:/Users/Natsuki/OneDrive/Documents/Atsumiken/BeautoBalancer/Balancer2_firm_Default/lib\libBalancer2_lib.a(vs-bb022.o)
 .debug_frame   0x00000938       0x58 C:/Users/Natsuki/OneDrive/Documents/Atsumiken/BeautoBalancer/Balancer2_firm_Default/lib\libBalancer2_lib.a(adc.o)
 .debug_frame   0x00000990       0xb0 C:/Users/Natsuki/OneDrive/Documents/Atsumiken/BeautoBalancer/Balancer2_firm_Default/lib\libBalancer2_lib.a(flash.o)
 .debug_frame   0x00000a40       0xb0 C:/Users/Natsuki/OneDrive/Documents/Atsumiken/BeautoBalancer/Balancer2_firm_Default/lib\libBalancer2_lib.a(pad.o)
 .debug_frame   0x00000af0       0xb0 C:/Users/Natsuki/OneDrive/Documents/Atsumiken/BeautoBalancer/Balancer2_firm_Default/lib\libBalancer2_lib.a(usb_user.o)
 .debug_frame   0x00000ba0      0x1d8 C:/Users/Natsuki/OneDrive/Documents/Atsumiken/BeautoBalancer/Balancer2_firm_Default/lib\libBalancer2_lib.a(usb_core.o)
 .debug_frame   0x00000d78      0x318 C:/Users/Natsuki/OneDrive/Documents/Atsumiken/BeautoBalancer/Balancer2_firm_Default/lib\libBalancer2_lib.a(usb_hardware.o)
 .debug_frame   0x00001090       0x70 C:/Users/Natsuki/OneDrive/Documents/Atsumiken/BeautoBalancer/Balancer2_firm_Default/lib\libBalancer2_lib.a(usb_hiduser.o)
